19:09:07 **** Incremental Build of configuration Debug for project sobel ****
make pre-build main-build 
a9-linaro-pre-build-step
' '
make: Nothing to be done for `main-build'.
19:22:01 **** Auto Build of configuration Debug for project sobel ****
make pre-build main-build 
a9-linaro-pre-build-step
' '
'Building file: ../src/helloworld.c'
'Invoking: ARM v7 gcc compiler'
arm-none-eabi-gcc -Wall -O0 -g3 -pg -c -fmessage-length=0 -MT"src/helloworld.o" -mcpu=cortex-a9 -mfpu=vfpv3 -mfloat-abi=hard -I../../standalone_bsp_0/ps7_cortexa9_0/include -MMD -MP -MF"src/helloworld.d" -MT"src/helloworld.o" -o "src/helloworld.o" "../src/helloworld.c"
../src/helloworld.c: In function 'sobel':
../src/helloworld.c:186:2: warning: parameter names (without types) in function declaration
  void sobel_hls(input,output);
  ^
../src/helloworld.c: In function 'sobel_hls':
../src/helloworld.c:261:9: warning: implicit declaration of function 'XSobel_Initialize' [-Wimplicit-function-declaration]
  status=XSobel_Initialize(XPAR_XSOBEL_0_S_AXI_AXILITES_BASEADDR, XPAR_SOBEL_0_DEVICE_ID);
         ^
../src/helloworld.c:262:2: warning: implicit declaration of function 'XSobel_Set_input_r' [-Wimplicit-function-declaration]
  XSobel_Set_input_r(XPAR_XSOBEL_0_S_AXI_AXILITES_BASEADDR,input);
  ^
../src/helloworld.c:263:2: warning: implicit declaration of function 'Sobel_Start' [-Wimplicit-function-declaration]
  Sobel_Start(XPAR_XSOBEL_0_S_AXI_AXILITES_BASEADDR);
  ^
../src/helloworld.c:266:13: warning: implicit declaration of function 'XSobel_IsDone' [-Wimplicit-function-declaration]
   } while (!XSobel_IsDone(XPAR_XSOBEL_0_S_AXI_AXILITES_BASEADDR));
             ^
../src/helloworld.c:260:6: warning: variable 'status' set but not used [-Wunused-but-set-variable]
  int status;
      ^
'Finished building: ../src/helloworld.c'
' '
'Building target: sobel.elf'
'Invoking: ARM v7 gcc linker'
arm-none-eabi-gcc -mcpu=cortex-a9 -mfpu=vfpv3 -mfloat-abi=hard -Wl,-build-id=none -specs=Xilinx.spec -Wl,-T -Wl,../src/lscript.ld -L../../standalone_bsp_0/ps7_cortexa9_0/lib -o "sobel.elf"  ./src/helloworld.o ./src/platform.o   -lm -Wl,--start-group,-lxil,-lgcc,-lc,--end-group -Wl,--start-group,-lxilffs,-lxil,-lgcc,-lc,--end-group
./src/helloworld.o: In function `sobel_hls':
C:\Users\konto\Documents\embeded\lab2\lab2_simple_arm\lab2_simple_arm.sdk\sobel\Debug/../src/helloworld.c:263: undefined reference to `Sobel_Start'
collect2.exe: error: ld returned 1 exit status
make: *** [sobel.elf] Error 1
19:23:58 **** Auto Build of configuration Debug for project sobel ****
make pre-build main-build 
a9-linaro-pre-build-step
' '
'Building file: ../src/helloworld.c'
'Invoking: ARM v7 gcc compiler'
arm-none-eabi-gcc -Wall -O0 -g3 -pg -c -fmessage-length=0 -MT"src/helloworld.o" -mcpu=cortex-a9 -mfpu=vfpv3 -mfloat-abi=hard -I../../standalone_bsp_0/ps7_cortexa9_0/include -MMD -MP -MF"src/helloworld.d" -MT"src/helloworld.o" -o "src/helloworld.o" "../src/helloworld.c"
../src/helloworld.c: In function 'sobel_hls':
../src/helloworld.c:261:9: warning: implicit declaration of function 'XSobel_Initialize' [-Wimplicit-function-declaration]
  status=XSobel_Initialize(XPAR_XSOBEL_0_S_AXI_AXILITES_BASEADDR, XPAR_SOBEL_0_DEVICE_ID);
         ^
../src/helloworld.c:262:2: warning: implicit declaration of function 'XSobel_Set_input_r' [-Wimplicit-function-declaration]
  XSobel_Set_input_r(XPAR_XSOBEL_0_S_AXI_AXILITES_BASEADDR,input);
  ^
../src/helloworld.c:263:2: warning: implicit declaration of function 'XSobel_Start' [-Wimplicit-function-declaration]
  XSobel_Start(XPAR_XSOBEL_0_S_AXI_AXILITES_BASEADDR);
  ^
../src/helloworld.c:266:13: warning: implicit declaration of function 'XSobel_IsDone' [-Wimplicit-function-declaration]
   } while (!XSobel_IsDone(XPAR_XSOBEL_0_S_AXI_AXILITES_BASEADDR));
             ^
../src/helloworld.c:260:6: warning: variable 'status' set but not used [-Wunused-but-set-variable]
  int status;
      ^
'Finished building: ../src/helloworld.c'
' '
'Building target: sobel.elf'
'Invoking: ARM v7 gcc linker'
arm-none-eabi-gcc -mcpu=cortex-a9 -mfpu=vfpv3 -mfloat-abi=hard -Wl,-build-id=none -specs=Xilinx.spec -Wl,-T -Wl,../src/lscript.ld -L../../standalone_bsp_0/ps7_cortexa9_0/lib -o "sobel.elf"  ./src/helloworld.o ./src/platform.o   -lm -Wl,--start-group,-lxil,-lgcc,-lc,--end-group -Wl,--start-group,-lxilffs,-lxil,-lgcc,-lc,--end-group
'Finished building target: sobel.elf'
' '
'Invoking: ARM v7 Print Size'
arm-none-eabi-size sobel.elf  |tee "sobel.elf.size"
   text	   data	    bss	    dec	    hex	filename
 114100	   4408	3172784	3291292	 32389c	sobel.elf
'Finished building: sobel.elf.size'
' '
19:24:49 **** Auto Build of configuration Debug for project sobel ****
make pre-build main-build 
a9-linaro-pre-build-step
' '
'Building file: ../src/helloworld.c'
'Invoking: ARM v7 gcc compiler'
arm-none-eabi-gcc -Wall -O0 -g3 -pg -c -fmessage-length=0 -MT"src/helloworld.o" -mcpu=cortex-a9 -mfpu=vfpv3 -mfloat-abi=hard -I../../standalone_bsp_0/ps7_cortexa9_0/include -MMD -MP -MF"src/helloworld.d" -MT"src/helloworld.o" -o "src/helloworld.o" "../src/helloworld.c"
../src/helloworld.c:15:19: fatal error: sobel.h: No such file or directory
compilation terminated.
make: *** [src/helloworld.o] Error 1
19:24:59 **** Auto Build of configuration Debug for project sobel ****
make pre-build main-build 
a9-linaro-pre-build-step
' '
'Building file: ../src/helloworld.c'
'Invoking: ARM v7 gcc compiler'
arm-none-eabi-gcc -Wall -O0 -g3 -pg -c -fmessage-length=0 -MT"src/helloworld.o" -mcpu=cortex-a9 -mfpu=vfpv3 -mfloat-abi=hard -I../../standalone_bsp_0/ps7_cortexa9_0/include -MMD -MP -MF"src/helloworld.d" -MT"src/helloworld.o" -o "src/helloworld.o" "../src/helloworld.c"
In file included from ../../standalone_bsp_0/ps7_cortexa9_0/include/ffconf.h:12:0,
                 from ../../standalone_bsp_0/ps7_cortexa9_0/include/ff.h:26,
                 from ../src/helloworld.c:9:
../src/helloworld.c: In function 'sobel_hls':
../../standalone_bsp_0/ps7_cortexa9_0/include/xparameters.h:273:47: warning: passing argument 1 of 'XSobel_Initialize' makes pointer from integer without a cast [-Wint-conversion]
 #define XPAR_XSOBEL_0_S_AXI_AXILITES_BASEADDR 0x43C00000
                                               ^
../src/helloworld.c:261:27: note: in expansion of macro 'XPAR_XSOBEL_0_S_AXI_AXILITES_BASEADDR'
  status=XSobel_Initialize(XPAR_XSOBEL_0_S_AXI_AXILITES_BASEADDR, XPAR_SOBEL_0_DEVICE_ID);
                           ^
In file included from ../src/helloworld.c:15:0:
../../standalone_bsp_0/ps7_cortexa9_0/include/xsobel.h:75:5: note: expected 'XSobel * {aka struct <anonymous> *}' but argument is of type 'int'
 int XSobel_Initialize(XSobel *InstancePtr, u16 DeviceId);
     ^
In file included from ../../standalone_bsp_0/ps7_cortexa9_0/include/ffconf.h:12:0,
                 from ../../standalone_bsp_0/ps7_cortexa9_0/include/ff.h:26,
                 from ../src/helloworld.c:9:
../../standalone_bsp_0/ps7_cortexa9_0/include/xparameters.h:273:47: warning: passing argument 1 of 'XSobel_Set_input_r' makes pointer from integer without a cast [-Wint-conversion]
 #define XPAR_XSOBEL_0_S_AXI_AXILITES_BASEADDR 0x43C00000
                                               ^
../src/helloworld.c:262:21: note: in expansion of macro 'XPAR_XSOBEL_0_S_AXI_AXILITES_BASEADDR'
  XSobel_Set_input_r(XPAR_XSOBEL_0_S_AXI_AXILITES_BASEADDR,input);
                     ^
In file included from ../src/helloworld.c:15:0:
../../standalone_bsp_0/ps7_cortexa9_0/include/xsobel.h:90:6: note: expected 'XSobel * {aka struct <anonymous> *}' but argument is of type 'int'
 void XSobel_Set_input_r(XSobel *InstancePtr, u32 Data);
      ^
../src/helloworld.c:262:59: warning: passing argument 2 of 'XSobel_Set_input_r' makes integer from pointer without a cast [-Wint-conversion]
  XSobel_Set_input_r(XPAR_XSOBEL_0_S_AXI_AXILITES_BASEADDR,input);
                                                           ^
In file included from ../src/helloworld.c:15:0:
../../standalone_bsp_0/ps7_cortexa9_0/include/xsobel.h:90:6: note: expected 'u32 {aka long unsigned int}' but argument is of type 'unsigned char *'
 void XSobel_Set_input_r(XSobel *InstancePtr, u32 Data);
      ^
In file included from ../../standalone_bsp_0/ps7_cortexa9_0/include/ffconf.h:12:0,
                 from ../../standalone_bsp_0/ps7_cortexa9_0/include/ff.h:26,
                 from ../src/helloworld.c:9:
../../standalone_bsp_0/ps7_cortexa9_0/include/xparameters.h:273:47: warning: passing argument 1 of 'XSobel_Start' makes pointer from integer without a cast [-Wint-conversion]
 #define XPAR_XSOBEL_0_S_AXI_AXILITES_BASEADDR 0x43C00000
                                               ^
../src/helloworld.c:263:15: note: in expansion of macro 'XPAR_XSOBEL_0_S_AXI_AXILITES_BASEADDR'
  XSobel_Start(XPAR_XSOBEL_0_S_AXI_AXILITES_BASEADDR);
               ^
In file included from ../src/helloworld.c:15:0:
../../standalone_bsp_0/ps7_cortexa9_0/include/xsobel.h:83:6: note: expected 'XSobel * {aka struct <anonymous> *}' but argument is of type 'int'
 void XSobel_Start(XSobel *InstancePtr);
      ^
In file included from ../../standalone_bsp_0/ps7_cortexa9_0/include/ffconf.h:12:0,
                 from ../../standalone_bsp_0/ps7_cortexa9_0/include/ff.h:26,
                 from ../src/helloworld.c:9:
../../standalone_bsp_0/ps7_cortexa9_0/include/xparameters.h:273:47: warning: passing argument 1 of 'XSobel_IsDone' makes pointer from integer without a cast [-Wint-conversion]
 #define XPAR_XSOBEL_0_S_AXI_AXILITES_BASEADDR 0x43C00000
                                               ^
../src/helloworld.c:266:27: note: in expansion of macro 'XPAR_XSOBEL_0_S_AXI_AXILITES_BASEADDR'
   } while (!XSobel_IsDone(XPAR_XSOBEL_0_S_AXI_AXILITES_BASEADDR));
                           ^
In file included from ../src/helloworld.c:15:0:
../../standalone_bsp_0/ps7_cortexa9_0/include/xsobel.h:84:5: note: expected 'XSobel * {aka struct <anonymous> *}' but argument is of type 'int'
 u32 XSobel_IsDone(XSobel *InstancePtr);
     ^
../src/helloworld.c:260:6: warning: variable 'status' set but not used [-Wunused-but-set-variable]
  int status;
      ^
'Finished building: ../src/helloworld.c'
' '
'Building target: sobel.elf'
'Invoking: ARM v7 gcc linker'
arm-none-eabi-gcc -mcpu=cortex-a9 -mfpu=vfpv3 -mfloat-abi=hard -Wl,-build-id=none -specs=Xilinx.spec -Wl,-T -Wl,../src/lscript.ld -L../../standalone_bsp_0/ps7_cortexa9_0/lib -o "sobel.elf"  ./src/helloworld.o ./src/platform.o   -lm -Wl,--start-group,-lxil,-lgcc,-lc,--end-group -Wl,--start-group,-lxilffs,-lxil,-lgcc,-lc,--end-group
'Finished building target: sobel.elf'
' '
'Invoking: ARM v7 Print Size'
arm-none-eabi-size sobel.elf  |tee "sobel.elf.size"
   text	   data	    bss	    dec	    hex	filename
 114100	   4408	3172784	3291292	 32389c	sobel.elf
'Finished building: sobel.elf.size'
' '
19:25:29 **** Auto Build of configuration Debug for project sobel ****
make pre-build main-build 
a9-linaro-pre-build-step
' '
'Building file: ../src/helloworld.c'
'Invoking: ARM v7 gcc compiler'
arm-none-eabi-gcc -Wall -O0 -g3 -pg -c -fmessage-length=0 -MT"src/helloworld.o" -mcpu=cortex-a9 -mfpu=vfpv3 -mfloat-abi=hard -I../../standalone_bsp_0/ps7_cortexa9_0/include -MMD -MP -MF"src/helloworld.d" -MT"src/helloworld.o" -o "src/helloworld.o" "../src/helloworld.c"
In file included from ../../standalone_bsp_0/ps7_cortexa9_0/include/ffconf.h:12:0,
                 from ../../standalone_bsp_0/ps7_cortexa9_0/include/ff.h:26,
                 from ../src/helloworld.c:9:
../src/helloworld.c: In function 'sobel_hls':
../../standalone_bsp_0/ps7_cortexa9_0/include/xparameters.h:273:47: warning: passing argument 1 of 'XSobel_Initialize' makes pointer from integer without a cast [-Wint-conversion]
 #define XPAR_XSOBEL_0_S_AXI_AXILITES_BASEADDR 0x43C00000
                                               ^
../src/helloworld.c:261:27: note: in expansion of macro 'XPAR_XSOBEL_0_S_AXI_AXILITES_BASEADDR'
  status=XSobel_Initialize(XPAR_XSOBEL_0_S_AXI_AXILITES_BASEADDR, XPAR_SOBEL_0_DEVICE_ID);
                           ^
In file included from ../src/helloworld.c:15:0:
../../standalone_bsp_0/ps7_cortexa9_0/include/xsobel.h:75:5: note: expected 'XSobel * {aka struct <anonymous> *}' but argument is of type 'int'
 int XSobel_Initialize(XSobel *InstancePtr, u16 DeviceId);
     ^
In file included from ../../standalone_bsp_0/ps7_cortexa9_0/include/ffconf.h:12:0,
                 from ../../standalone_bsp_0/ps7_cortexa9_0/include/ff.h:26,
                 from ../src/helloworld.c:9:
../../standalone_bsp_0/ps7_cortexa9_0/include/xparameters.h:273:47: warning: passing argument 1 of 'XSobel_Set_input_r' makes pointer from integer without a cast [-Wint-conversion]
 #define XPAR_XSOBEL_0_S_AXI_AXILITES_BASEADDR 0x43C00000
                                               ^
../src/helloworld.c:262:21: note: in expansion of macro 'XPAR_XSOBEL_0_S_AXI_AXILITES_BASEADDR'
  XSobel_Set_input_r(XPAR_XSOBEL_0_S_AXI_AXILITES_BASEADDR,(u32)input);
                     ^
In file included from ../src/helloworld.c:15:0:
../../standalone_bsp_0/ps7_cortexa9_0/include/xsobel.h:90:6: note: expected 'XSobel * {aka struct <anonymous> *}' but argument is of type 'int'
 void XSobel_Set_input_r(XSobel *InstancePtr, u32 Data);
      ^
In file included from ../../standalone_bsp_0/ps7_cortexa9_0/include/ffconf.h:12:0,
                 from ../../standalone_bsp_0/ps7_cortexa9_0/include/ff.h:26,
                 from ../src/helloworld.c:9:
../../standalone_bsp_0/ps7_cortexa9_0/include/xparameters.h:273:47: warning: passing argument 1 of 'XSobel_Start' makes pointer from integer without a cast [-Wint-conversion]
 #define XPAR_XSOBEL_0_S_AXI_AXILITES_BASEADDR 0x43C00000
                                               ^
../src/helloworld.c:263:15: note: in expansion of macro 'XPAR_XSOBEL_0_S_AXI_AXILITES_BASEADDR'
  XSobel_Start(XPAR_XSOBEL_0_S_AXI_AXILITES_BASEADDR);
               ^
In file included from ../src/helloworld.c:15:0:
../../standalone_bsp_0/ps7_cortexa9_0/include/xsobel.h:83:6: note: expected 'XSobel * {aka struct <anonymous> *}' but argument is of type 'int'
 void XSobel_Start(XSobel *InstancePtr);
      ^
In file included from ../../standalone_bsp_0/ps7_cortexa9_0/include/ffconf.h:12:0,
                 from ../../standalone_bsp_0/ps7_cortexa9_0/include/ff.h:26,
                 from ../src/helloworld.c:9:
../../standalone_bsp_0/ps7_cortexa9_0/include/xparameters.h:273:47: warning: passing argument 1 of 'XSobel_IsDone' makes pointer from integer without a cast [-Wint-conversion]
 #define XPAR_XSOBEL_0_S_AXI_AXILITES_BASEADDR 0x43C00000
                                               ^
../src/helloworld.c:266:27: note: in expansion of macro 'XPAR_XSOBEL_0_S_AXI_AXILITES_BASEADDR'
   } while (!XSobel_IsDone(XPAR_XSOBEL_0_S_AXI_AXILITES_BASEADDR));
                           ^
In file included from ../src/helloworld.c:15:0:
../../standalone_bsp_0/ps7_cortexa9_0/include/xsobel.h:84:5: note: expected 'XSobel * {aka struct <anonymous> *}' but argument is of type 'int'
 u32 XSobel_IsDone(XSobel *InstancePtr);
     ^
../src/helloworld.c:260:6: warning: variable 'status' set but not used [-Wunused-but-set-variable]
  int status;
      ^
'Finished building: ../src/helloworld.c'
' '
'Building target: sobel.elf'
'Invoking: ARM v7 gcc linker'
arm-none-eabi-gcc -mcpu=cortex-a9 -mfpu=vfpv3 -mfloat-abi=hard -Wl,-build-id=none -specs=Xilinx.spec -Wl,-T -Wl,../src/lscript.ld -L../../standalone_bsp_0/ps7_cortexa9_0/lib -o "sobel.elf"  ./src/helloworld.o ./src/platform.o   -lm -Wl,--start-group,-lxil,-lgcc,-lc,--end-group -Wl,--start-group,-lxilffs,-lxil,-lgcc,-lc,--end-group
'Finished building target: sobel.elf'
' '
'Invoking: ARM v7 Print Size'
arm-none-eabi-size sobel.elf  |tee "sobel.elf.size"
   text	   data	    bss	    dec	    hex	filename
 114100	   4408	3172784	3291292	 32389c	sobel.elf
'Finished building: sobel.elf.size'
' '
19:26:18 **** Auto Build of configuration Debug for project sobel ****
make pre-build main-build 
a9-linaro-pre-build-step
' '
'Building file: ../src/helloworld.c'
'Invoking: ARM v7 gcc compiler'
arm-none-eabi-gcc -Wall -O0 -g3 -pg -c -fmessage-length=0 -MT"src/helloworld.o" -mcpu=cortex-a9 -mfpu=vfpv3 -mfloat-abi=hard -I../../standalone_bsp_0/ps7_cortexa9_0/include -MMD -MP -MF"src/helloworld.d" -MT"src/helloworld.o" -o "src/helloworld.o" "../src/helloworld.c"
../src/helloworld.c: In function 'sobel_hls':
../src/helloworld.c:261:27: warning: passing argument 1 of 'XSobel_Initialize' makes pointer from integer without a cast [-Wint-conversion]
  status=XSobel_Initialize((u32)XPAR_XSOBEL_0_S_AXI_AXILITES_BASEADDR, XPAR_SOBEL_0_DEVICE_ID);
                           ^
In file included from ../src/helloworld.c:15:0:
../../standalone_bsp_0/ps7_cortexa9_0/include/xsobel.h:75:5: note: expected 'XSobel * {aka struct <anonymous> *}' but argument is of type 'long unsigned int'
 int XSobel_Initialize(XSobel *InstancePtr, u16 DeviceId);
     ^
../src/helloworld.c:262:21: warning: passing argument 1 of 'XSobel_Set_input_r' makes pointer from integer without a cast [-Wint-conversion]
  XSobel_Set_input_r((u32)XPAR_XSOBEL_0_S_AXI_AXILITES_BASEADDR,(u32)input);
                     ^
In file included from ../src/helloworld.c:15:0:
../../standalone_bsp_0/ps7_cortexa9_0/include/xsobel.h:90:6: note: expected 'XSobel * {aka struct <anonymous> *}' but argument is of type 'long unsigned int'
 void XSobel_Set_input_r(XSobel *InstancePtr, u32 Data);
      ^
../src/helloworld.c:263:15: warning: passing argument 1 of 'XSobel_Start' makes pointer from integer without a cast [-Wint-conversion]
  XSobel_Start((u32)XPAR_XSOBEL_0_S_AXI_AXILITES_BASEADDR);
               ^
In file included from ../src/helloworld.c:15:0:
../../standalone_bsp_0/ps7_cortexa9_0/include/xsobel.h:83:6: note: expected 'XSobel * {aka struct <anonymous> *}' but argument is of type 'long unsigned int'
 void XSobel_Start(XSobel *InstancePtr);
      ^
In file included from ../../standalone_bsp_0/ps7_cortexa9_0/include/ffconf.h:12:0,
                 from ../../standalone_bsp_0/ps7_cortexa9_0/include/ff.h:26,
                 from ../src/helloworld.c:9:
../../standalone_bsp_0/ps7_cortexa9_0/include/xparameters.h:273:47: warning: passing argument 1 of 'XSobel_IsDone' makes pointer from integer without a cast [-Wint-conversion]
 #define XPAR_XSOBEL_0_S_AXI_AXILITES_BASEADDR 0x43C00000
                                               ^
../src/helloworld.c:266:27: note: in expansion of macro 'XPAR_XSOBEL_0_S_AXI_AXILITES_BASEADDR'
   } while (!XSobel_IsDone(XPAR_XSOBEL_0_S_AXI_AXILITES_BASEADDR));
                           ^
In file included from ../src/helloworld.c:15:0:
../../standalone_bsp_0/ps7_cortexa9_0/include/xsobel.h:84:5: note: expected 'XSobel * {aka struct <anonymous> *}' but argument is of type 'int'
 u32 XSobel_IsDone(XSobel *InstancePtr);
     ^
../src/helloworld.c:260:6: warning: variable 'status' set but not used [-Wunused-but-set-variable]
  int status;
      ^
'Finished building: ../src/helloworld.c'
' '
'Building target: sobel.elf'
'Invoking: ARM v7 gcc linker'
arm-none-eabi-gcc -mcpu=cortex-a9 -mfpu=vfpv3 -mfloat-abi=hard -Wl,-build-id=none -specs=Xilinx.spec -Wl,-T -Wl,../src/lscript.ld -L../../standalone_bsp_0/ps7_cortexa9_0/lib -o "sobel.elf"  ./src/helloworld.o ./src/platform.o   -lm -Wl,--start-group,-lxil,-lgcc,-lc,--end-group -Wl,--start-group,-lxilffs,-lxil,-lgcc,-lc,--end-group
'Finished building target: sobel.elf'
' '
'Invoking: ARM v7 Print Size'
arm-none-eabi-size sobel.elf  |tee "sobel.elf.size"
   text	   data	    bss	    dec	    hex	filename
 114100	   4408	3172784	3291292	 32389c	sobel.elf
'Finished building: sobel.elf.size'
' '
19:26:36 **** Auto Build of configuration Debug for project sobel ****
make pre-build main-build 
a9-linaro-pre-build-step
' '
'Building file: ../src/helloworld.c'
'Invoking: ARM v7 gcc compiler'
arm-none-eabi-gcc -Wall -O0 -g3 -pg -c -fmessage-length=0 -MT"src/helloworld.o" -mcpu=cortex-a9 -mfpu=vfpv3 -mfloat-abi=hard -I../../standalone_bsp_0/ps7_cortexa9_0/include -MMD -MP -MF"src/helloworld.d" -MT"src/helloworld.o" -o "src/helloworld.o" "../src/helloworld.c"
In file included from ../../standalone_bsp_0/ps7_cortexa9_0/include/ffconf.h:12:0,
                 from ../../standalone_bsp_0/ps7_cortexa9_0/include/ff.h:26,
                 from ../src/helloworld.c:9:
../src/helloworld.c: In function 'sobel_hls':
../../standalone_bsp_0/ps7_cortexa9_0/include/xparameters.h:273:47: warning: passing argument 1 of 'XSobel_Initialize' makes pointer from integer without a cast [-Wint-conversion]
 #define XPAR_XSOBEL_0_S_AXI_AXILITES_BASEADDR 0x43C00000
                                               ^
../src/helloworld.c:261:27: note: in expansion of macro 'XPAR_XSOBEL_0_S_AXI_AXILITES_BASEADDR'
  status=XSobel_Initialize(XPAR_XSOBEL_0_S_AXI_AXILITES_BASEADDR, XPAR_SOBEL_0_DEVICE_ID);
                           ^
In file included from ../src/helloworld.c:15:0:
../../standalone_bsp_0/ps7_cortexa9_0/include/xsobel.h:75:5: note: expected 'XSobel * {aka struct <anonymous> *}' but argument is of type 'int'
 int XSobel_Initialize(XSobel *InstancePtr, u16 DeviceId);
     ^
../src/helloworld.c:262:21: warning: passing argument 1 of 'XSobel_Set_input_r' makes pointer from integer without a cast [-Wint-conversion]
  XSobel_Set_input_r((u32)XPAR_XSOBEL_0_S_AXI_AXILITES_BASEADDR,(u32)input);
                     ^
In file included from ../src/helloworld.c:15:0:
../../standalone_bsp_0/ps7_cortexa9_0/include/xsobel.h:90:6: note: expected 'XSobel * {aka struct <anonymous> *}' but argument is of type 'long unsigned int'
 void XSobel_Set_input_r(XSobel *InstancePtr, u32 Data);
      ^
../src/helloworld.c:263:15: warning: passing argument 1 of 'XSobel_Start' makes pointer from integer without a cast [-Wint-conversion]
  XSobel_Start((u32)XPAR_XSOBEL_0_S_AXI_AXILITES_BASEADDR);
               ^
In file included from ../src/helloworld.c:15:0:
../../standalone_bsp_0/ps7_cortexa9_0/include/xsobel.h:83:6: note: expected 'XSobel * {aka struct <anonymous> *}' but argument is of type 'long unsigned int'
 void XSobel_Start(XSobel *InstancePtr);
      ^
In file included from ../../standalone_bsp_0/ps7_cortexa9_0/include/ffconf.h:12:0,
                 from ../../standalone_bsp_0/ps7_cortexa9_0/include/ff.h:26,
                 from ../src/helloworld.c:9:
../../standalone_bsp_0/ps7_cortexa9_0/include/xparameters.h:273:47: warning: passing argument 1 of 'XSobel_IsDone' makes pointer from integer without a cast [-Wint-conversion]
 #define XPAR_XSOBEL_0_S_AXI_AXILITES_BASEADDR 0x43C00000
                                               ^
../src/helloworld.c:266:27: note: in expansion of macro 'XPAR_XSOBEL_0_S_AXI_AXILITES_BASEADDR'
   } while (!XSobel_IsDone(XPAR_XSOBEL_0_S_AXI_AXILITES_BASEADDR));
                           ^
In file included from ../src/helloworld.c:15:0:
../../standalone_bsp_0/ps7_cortexa9_0/include/xsobel.h:84:5: note: expected 'XSobel * {aka struct <anonymous> *}' but argument is of type 'int'
 u32 XSobel_IsDone(XSobel *InstancePtr);
     ^
../src/helloworld.c:260:6: warning: variable 'status' set but not used [-Wunused-but-set-variable]
  int status;
      ^
'Finished building: ../src/helloworld.c'
' '
'Building target: sobel.elf'
'Invoking: ARM v7 gcc linker'
arm-none-eabi-gcc -mcpu=cortex-a9 -mfpu=vfpv3 -mfloat-abi=hard -Wl,-build-id=none -specs=Xilinx.spec -Wl,-T -Wl,../src/lscript.ld -L../../standalone_bsp_0/ps7_cortexa9_0/lib -o "sobel.elf"  ./src/helloworld.o ./src/platform.o   -lm -Wl,--start-group,-lxil,-lgcc,-lc,--end-group -Wl,--start-group,-lxilffs,-lxil,-lgcc,-lc,--end-group
'Finished building target: sobel.elf'
' '
'Invoking: ARM v7 Print Size'
arm-none-eabi-size sobel.elf  |tee "sobel.elf.size"
   text	   data	    bss	    dec	    hex	filename
 114100	   4408	3172784	3291292	 32389c	sobel.elf
'Finished building: sobel.elf.size'
' '
19:27:27 **** Auto Build of configuration Debug for project sobel ****
make pre-build main-build 
a9-linaro-pre-build-step
' '
'Building file: ../src/helloworld.c'
'Invoking: ARM v7 gcc compiler'
arm-none-eabi-gcc -Wall -O0 -g3 -pg -c -fmessage-length=0 -MT"src/helloworld.o" -mcpu=cortex-a9 -mfpu=vfpv3 -mfloat-abi=hard -I../../standalone_bsp_0/ps7_cortexa9_0/include -MMD -MP -MF"src/helloworld.d" -MT"src/helloworld.o" -o "src/helloworld.o" "../src/helloworld.c"
../src/helloworld.c: In function 'sobel_hls':
../src/helloworld.c:261:27: error: lvalue required as unary '&' operand
  status=XSobel_Initialize(&XPAR_XSOBEL_0_S_AXI_AXILITES_BASEADDR, XPAR_SOBEL_0_DEVICE_ID);
                           ^
../src/helloworld.c:262:21: error: lvalue required as unary '&' operand
  XSobel_Set_input_r(&XPAR_XSOBEL_0_S_AXI_AXILITES_BASEADDR,(u32)input);
                     ^
../src/helloworld.c:263:15: error: lvalue required as unary '&' operand
  XSobel_Start(&XPAR_XSOBEL_0_S_AXI_AXILITES_BASEADDR);
               ^
In file included from ../../standalone_bsp_0/ps7_cortexa9_0/include/ffconf.h:12:0,
                 from ../../standalone_bsp_0/ps7_cortexa9_0/include/ff.h:26,
                 from ../src/helloworld.c:9:
../../standalone_bsp_0/ps7_cortexa9_0/include/xparameters.h:273:47: warning: passing argument 1 of 'XSobel_IsDone' makes pointer from integer without a cast [-Wint-conversion]
 #define XPAR_XSOBEL_0_S_AXI_AXILITES_BASEADDR 0x43C00000
                                               ^
../src/helloworld.c:266:27: note: in expansion of macro 'XPAR_XSOBEL_0_S_AXI_AXILITES_BASEADDR'
   } while (!XSobel_IsDone(XPAR_XSOBEL_0_S_AXI_AXILITES_BASEADDR));
                           ^
In file included from ../src/helloworld.c:15:0:
../../standalone_bsp_0/ps7_cortexa9_0/include/xsobel.h:84:5: note: expected 'XSobel * {aka struct <anonymous> *}' but argument is of type 'int'
 u32 XSobel_IsDone(XSobel *InstancePtr);
     ^
../src/helloworld.c:260:6: warning: variable 'status' set but not used [-Wunused-but-set-variable]
  int status;
      ^
make: *** [src/helloworld.o] Error 1
19:27:41 **** Auto Build of configuration Debug for project sobel ****
make pre-build main-build 
a9-linaro-pre-build-step
' '
'Building file: ../src/helloworld.c'
'Invoking: ARM v7 gcc compiler'
arm-none-eabi-gcc -Wall -O0 -g3 -pg -c -fmessage-length=0 -MT"src/helloworld.o" -mcpu=cortex-a9 -mfpu=vfpv3 -mfloat-abi=hard -I../../standalone_bsp_0/ps7_cortexa9_0/include -MMD -MP -MF"src/helloworld.d" -MT"src/helloworld.o" -o "src/helloworld.o" "../src/helloworld.c"
In file included from ../../standalone_bsp_0/ps7_cortexa9_0/include/ffconf.h:12:0,
                 from ../../standalone_bsp_0/ps7_cortexa9_0/include/ff.h:26,
                 from ../src/helloworld.c:9:
../src/helloworld.c: In function 'sobel_hls':
../../standalone_bsp_0/ps7_cortexa9_0/include/xparameters.h:273:47: warning: passing argument 1 of 'XSobel_Initialize' makes pointer from integer without a cast [-Wint-conversion]
 #define XPAR_XSOBEL_0_S_AXI_AXILITES_BASEADDR 0x43C00000
                                               ^
../src/helloworld.c:261:27: note: in expansion of macro 'XPAR_XSOBEL_0_S_AXI_AXILITES_BASEADDR'
  status=XSobel_Initialize(XPAR_XSOBEL_0_S_AXI_AXILITES_BASEADDR, XPAR_SOBEL_0_DEVICE_ID);
                           ^
In file included from ../src/helloworld.c:15:0:
../../standalone_bsp_0/ps7_cortexa9_0/include/xsobel.h:75:5: note: expected 'XSobel * {aka struct <anonymous> *}' but argument is of type 'int'
 int XSobel_Initialize(XSobel *InstancePtr, u16 DeviceId);
     ^
In file included from ../../standalone_bsp_0/ps7_cortexa9_0/include/ffconf.h:12:0,
                 from ../../standalone_bsp_0/ps7_cortexa9_0/include/ff.h:26,
                 from ../src/helloworld.c:9:
../../standalone_bsp_0/ps7_cortexa9_0/include/xparameters.h:273:47: warning: passing argument 1 of 'XSobel_Set_input_r' makes pointer from integer without a cast [-Wint-conversion]
 #define XPAR_XSOBEL_0_S_AXI_AXILITES_BASEADDR 0x43C00000
                                               ^
../src/helloworld.c:262:21: note: in expansion of macro 'XPAR_XSOBEL_0_S_AXI_AXILITES_BASEADDR'
  XSobel_Set_input_r(XPAR_XSOBEL_0_S_AXI_AXILITES_BASEADDR,(u32)input);
                     ^
In file included from ../src/helloworld.c:15:0:
../../standalone_bsp_0/ps7_cortexa9_0/include/xsobel.h:90:6: note: expected 'XSobel * {aka struct <anonymous> *}' but argument is of type 'int'
 void XSobel_Set_input_r(XSobel *InstancePtr, u32 Data);
      ^
In file included from ../../standalone_bsp_0/ps7_cortexa9_0/include/ffconf.h:12:0,
                 from ../../standalone_bsp_0/ps7_cortexa9_0/include/ff.h:26,
                 from ../src/helloworld.c:9:
../../standalone_bsp_0/ps7_cortexa9_0/include/xparameters.h:273:47: warning: passing argument 1 of 'XSobel_Start' makes pointer from integer without a cast [-Wint-conversion]
 #define XPAR_XSOBEL_0_S_AXI_AXILITES_BASEADDR 0x43C00000
                                               ^
../src/helloworld.c:263:15: note: in expansion of macro 'XPAR_XSOBEL_0_S_AXI_AXILITES_BASEADDR'
  XSobel_Start(XPAR_XSOBEL_0_S_AXI_AXILITES_BASEADDR);
               ^
In file included from ../src/helloworld.c:15:0:
../../standalone_bsp_0/ps7_cortexa9_0/include/xsobel.h:83:6: note: expected 'XSobel * {aka struct <anonymous> *}' but argument is of type 'int'
 void XSobel_Start(XSobel *InstancePtr);
      ^
In file included from ../../standalone_bsp_0/ps7_cortexa9_0/include/ffconf.h:12:0,
                 from ../../standalone_bsp_0/ps7_cortexa9_0/include/ff.h:26,
                 from ../src/helloworld.c:9:
../../standalone_bsp_0/ps7_cortexa9_0/include/xparameters.h:273:47: warning: passing argument 1 of 'XSobel_IsDone' makes pointer from integer without a cast [-Wint-conversion]
 #define XPAR_XSOBEL_0_S_AXI_AXILITES_BASEADDR 0x43C00000
                                               ^
../src/helloworld.c:266:27: note: in expansion of macro 'XPAR_XSOBEL_0_S_AXI_AXILITES_BASEADDR'
   } while (!XSobel_IsDone(XPAR_XSOBEL_0_S_AXI_AXILITES_BASEADDR));
                           ^
In file included from ../src/helloworld.c:15:0:
../../standalone_bsp_0/ps7_cortexa9_0/include/xsobel.h:84:5: note: expected 'XSobel * {aka struct <anonymous> *}' but argument is of type 'int'
 u32 XSobel_IsDone(XSobel *InstancePtr);
     ^
../src/helloworld.c:260:6: warning: variable 'status' set but not used [-Wunused-but-set-variable]
  int status;
      ^
'Finished building: ../src/helloworld.c'
' '
'Building target: sobel.elf'
'Invoking: ARM v7 gcc linker'
arm-none-eabi-gcc -mcpu=cortex-a9 -mfpu=vfpv3 -mfloat-abi=hard -Wl,-build-id=none -specs=Xilinx.spec -Wl,-T -Wl,../src/lscript.ld -L../../standalone_bsp_0/ps7_cortexa9_0/lib -o "sobel.elf"  ./src/helloworld.o ./src/platform.o   -lm -Wl,--start-group,-lxil,-lgcc,-lc,--end-group -Wl,--start-group,-lxilffs,-lxil,-lgcc,-lc,--end-group
'Finished building target: sobel.elf'
' '
'Invoking: ARM v7 Print Size'
arm-none-eabi-size sobel.elf  |tee "sobel.elf.size"
   text	   data	    bss	    dec	    hex	filename
 114100	   4408	3172784	3291292	 32389c	sobel.elf
'Finished building: sobel.elf.size'
' '
19:31:05 **** Auto Build of configuration Debug for project sobel ****
make pre-build main-build 
a9-linaro-pre-build-step
' '
'Building file: ../src/helloworld.c'
'Invoking: ARM v7 gcc compiler'
arm-none-eabi-gcc -Wall -O0 -g3 -pg -c -fmessage-length=0 -MT"src/helloworld.o" -mcpu=cortex-a9 -mfpu=vfpv3 -mfloat-abi=hard -I../../standalone_bsp_0/ps7_cortexa9_0/include -MMD -MP -MF"src/helloworld.d" -MT"src/helloworld.o" -o "src/helloworld.o" "../src/helloworld.c"
In file included from ../../standalone_bsp_0/ps7_cortexa9_0/include/ffconf.h:12:0,
                 from ../../standalone_bsp_0/ps7_cortexa9_0/include/ff.h:26,
                 from ../src/helloworld.c:9:
../src/helloworld.c: In function 'sobel_hls':
../../standalone_bsp_0/ps7_cortexa9_0/include/xparameters.h:273:47: warning: passing argument 1 of 'XSobel_Initialize' makes pointer from integer without a cast [-Wint-conversion]
 #define XPAR_XSOBEL_0_S_AXI_AXILITES_BASEADDR 0x43C00000
                                               ^
../src/helloworld.c:261:27: note: in expansion of macro 'XPAR_XSOBEL_0_S_AXI_AXILITES_BASEADDR'
  status=XSobel_Initialize(XPAR_XSOBEL_0_S_AXI_AXILITES_BASEADDR, XPAR_SOBEL_0_DEVICE_ID);
                           ^
In file included from ../src/helloworld.c:15:0:
../../standalone_bsp_0/ps7_cortexa9_0/include/xsobel.h:75:5: note: expected 'XSobel * {aka struct <anonymous> *}' but argument is of type 'int'
 int XSobel_Initialize(XSobel *InstancePtr, u16 DeviceId);
     ^
In file included from ../../standalone_bsp_0/ps7_cortexa9_0/include/ffconf.h:12:0,
                 from ../../standalone_bsp_0/ps7_cortexa9_0/include/ff.h:26,
                 from ../src/helloworld.c:9:
../../standalone_bsp_0/ps7_cortexa9_0/include/xparameters.h:273:47: warning: passing argument 1 of 'XSobel_Set_input_r' makes pointer from integer without a cast [-Wint-conversion]
 #define XPAR_XSOBEL_0_S_AXI_AXILITES_BASEADDR 0x43C00000
                                               ^
../src/helloworld.c:262:21: note: in expansion of macro 'XPAR_XSOBEL_0_S_AXI_AXILITES_BASEADDR'
  XSobel_Set_input_r(XPAR_XSOBEL_0_S_AXI_AXILITES_BASEADDR,(u32)input);
                     ^
In file included from ../src/helloworld.c:15:0:
../../standalone_bsp_0/ps7_cortexa9_0/include/xsobel.h:90:6: note: expected 'XSobel * {aka struct <anonymous> *}' but argument is of type 'int'
 void XSobel_Set_input_r(XSobel *InstancePtr, u32 Data);
      ^
In file included from ../../standalone_bsp_0/ps7_cortexa9_0/include/ffconf.h:12:0,
                 from ../../standalone_bsp_0/ps7_cortexa9_0/include/ff.h:26,
                 from ../src/helloworld.c:9:
../../standalone_bsp_0/ps7_cortexa9_0/include/xparameters.h:273:47: warning: passing argument 1 of 'XSobel_Start' makes pointer from integer without a cast [-Wint-conversion]
 #define XPAR_XSOBEL_0_S_AXI_AXILITES_BASEADDR 0x43C00000
                                               ^
../src/helloworld.c:263:15: note: in expansion of macro 'XPAR_XSOBEL_0_S_AXI_AXILITES_BASEADDR'
  XSobel_Start(XPAR_XSOBEL_0_S_AXI_AXILITES_BASEADDR);
               ^
In file included from ../src/helloworld.c:15:0:
../../standalone_bsp_0/ps7_cortexa9_0/include/xsobel.h:83:6: note: expected 'XSobel * {aka struct <anonymous> *}' but argument is of type 'int'
 void XSobel_Start(XSobel *InstancePtr);
      ^
In file included from ../../standalone_bsp_0/ps7_cortexa9_0/include/ffconf.h:12:0,
                 from ../../standalone_bsp_0/ps7_cortexa9_0/include/ff.h:26,
                 from ../src/helloworld.c:9:
../../standalone_bsp_0/ps7_cortexa9_0/include/xparameters.h:273:47: warning: passing argument 1 of 'XSobel_IsDone' makes pointer from integer without a cast [-Wint-conversion]
 #define XPAR_XSOBEL_0_S_AXI_AXILITES_BASEADDR 0x43C00000
                                               ^
../src/helloworld.c:266:27: note: in expansion of macro 'XPAR_XSOBEL_0_S_AXI_AXILITES_BASEADDR'
   } while (!XSobel_IsDone(XPAR_XSOBEL_0_S_AXI_AXILITES_BASEADDR));
                           ^
In file included from ../src/helloworld.c:15:0:
../../standalone_bsp_0/ps7_cortexa9_0/include/xsobel.h:84:5: note: expected 'XSobel * {aka struct <anonymous> *}' but argument is of type 'int'
 u32 XSobel_IsDone(XSobel *InstancePtr);
     ^
../src/helloworld.c:260:6: warning: variable 'status' set but not used [-Wunused-but-set-variable]
  int status;
      ^
'Finished building: ../src/helloworld.c'
' '
'Building target: sobel.elf'
'Invoking: ARM v7 gcc linker'
arm-none-eabi-gcc -mcpu=cortex-a9 -mfpu=vfpv3 -mfloat-abi=hard -Wl,-build-id=none -specs=Xilinx.spec -Wl,-T -Wl,../src/lscript.ld -L../../standalone_bsp_0/ps7_cortexa9_0/lib -o "sobel.elf"  ./src/helloworld.o ./src/platform.o   -lm -Wl,--start-group,-lxil,-lgcc,-lc,--end-group -Wl,--start-group,-lxilffs,-lxil,-lgcc,-lc,--end-group
'Finished building target: sobel.elf'
' '
'Invoking: ARM v7 Print Size'
arm-none-eabi-size sobel.elf  |tee "sobel.elf.size"
   text	   data	    bss	    dec	    hex	filename
 114156	   4408	3172784	3291348	 3238d4	sobel.elf
'Finished building: sobel.elf.size'
' '
19:32:03 **** Auto Build of configuration Debug for project sobel ****
make pre-build main-build 
a9-linaro-pre-build-step
' '
'Building file: ../src/helloworld.c'
'Invoking: ARM v7 gcc compiler'
arm-none-eabi-gcc -Wall -O0 -g3 -pg -c -fmessage-length=0 -MT"src/helloworld.o" -mcpu=cortex-a9 -mfpu=vfpv3 -mfloat-abi=hard -I../../standalone_bsp_0/ps7_cortexa9_0/include -MMD -MP -MF"src/helloworld.d" -MT"src/helloworld.o" -o "src/helloworld.o" "../src/helloworld.c"
In file included from ../../standalone_bsp_0/ps7_cortexa9_0/include/ffconf.h:12:0,
                 from ../../standalone_bsp_0/ps7_cortexa9_0/include/ff.h:26,
                 from ../src/helloworld.c:9:
../src/helloworld.c: In function 'sobel_hls':
../../standalone_bsp_0/ps7_cortexa9_0/include/xparameters.h:273:47: warning: passing argument 1 of 'XSobel_Initialize' makes pointer from integer without a cast [-Wint-conversion]
 #define XPAR_XSOBEL_0_S_AXI_AXILITES_BASEADDR 0x43C00000
                                               ^
../src/helloworld.c:261:27: note: in expansion of macro 'XPAR_XSOBEL_0_S_AXI_AXILITES_BASEADDR'
  status=XSobel_Initialize(XPAR_XSOBEL_0_S_AXI_AXILITES_BASEADDR, XPAR_SOBEL_0_DEVICE_ID);
                           ^
In file included from ../src/helloworld.c:15:0:
../../standalone_bsp_0/ps7_cortexa9_0/include/xsobel.h:75:5: note: expected 'XSobel * {aka struct <anonymous> *}' but argument is of type 'int'
 int XSobel_Initialize(XSobel *InstancePtr, u16 DeviceId);
     ^
In file included from ../../standalone_bsp_0/ps7_cortexa9_0/include/ffconf.h:12:0,
                 from ../../standalone_bsp_0/ps7_cortexa9_0/include/ff.h:26,
                 from ../src/helloworld.c:9:
../../standalone_bsp_0/ps7_cortexa9_0/include/xparameters.h:273:47: warning: passing argument 1 of 'XSobel_Set_input_r' makes pointer from integer without a cast [-Wint-conversion]
 #define XPAR_XSOBEL_0_S_AXI_AXILITES_BASEADDR 0x43C00000
                                               ^
../src/helloworld.c:262:21: note: in expansion of macro 'XPAR_XSOBEL_0_S_AXI_AXILITES_BASEADDR'
  XSobel_Set_input_r(XPAR_XSOBEL_0_S_AXI_AXILITES_BASEADDR,(u32)input);
                     ^
In file included from ../src/helloworld.c:15:0:
../../standalone_bsp_0/ps7_cortexa9_0/include/xsobel.h:90:6: note: expected 'XSobel * {aka struct <anonymous> *}' but argument is of type 'int'
 void XSobel_Set_input_r(XSobel *InstancePtr, u32 Data);
      ^
In file included from ../../standalone_bsp_0/ps7_cortexa9_0/include/ffconf.h:12:0,
                 from ../../standalone_bsp_0/ps7_cortexa9_0/include/ff.h:26,
                 from ../src/helloworld.c:9:
../../standalone_bsp_0/ps7_cortexa9_0/include/xparameters.h:273:47: warning: passing argument 1 of 'XSobel_Start' makes pointer from integer without a cast [-Wint-conversion]
 #define XPAR_XSOBEL_0_S_AXI_AXILITES_BASEADDR 0x43C00000
                                               ^
../src/helloworld.c:263:15: note: in expansion of macro 'XPAR_XSOBEL_0_S_AXI_AXILITES_BASEADDR'
  XSobel_Start(XPAR_XSOBEL_0_S_AXI_AXILITES_BASEADDR);
               ^
In file included from ../src/helloworld.c:15:0:
../../standalone_bsp_0/ps7_cortexa9_0/include/xsobel.h:83:6: note: expected 'XSobel * {aka struct <anonymous> *}' but argument is of type 'int'
 void XSobel_Start(XSobel *InstancePtr);
      ^
In file included from ../../standalone_bsp_0/ps7_cortexa9_0/include/ffconf.h:12:0,
                 from ../../standalone_bsp_0/ps7_cortexa9_0/include/ff.h:26,
                 from ../src/helloworld.c:9:
../../standalone_bsp_0/ps7_cortexa9_0/include/xparameters.h:273:47: warning: passing argument 1 of 'XSobel_IsDone' makes pointer from integer without a cast [-Wint-conversion]
 #define XPAR_XSOBEL_0_S_AXI_AXILITES_BASEADDR 0x43C00000
                                               ^
../src/helloworld.c:266:27: note: in expansion of macro 'XPAR_XSOBEL_0_S_AXI_AXILITES_BASEADDR'
   } while (!XSobel_IsDone(XPAR_XSOBEL_0_S_AXI_AXILITES_BASEADDR));
                           ^
In file included from ../src/helloworld.c:15:0:
../../standalone_bsp_0/ps7_cortexa9_0/include/xsobel.h:84:5: note: expected 'XSobel * {aka struct <anonymous> *}' but argument is of type 'int'
 u32 XSobel_IsDone(XSobel *InstancePtr);
     ^
In file included from ../../standalone_bsp_0/ps7_cortexa9_0/include/ffconf.h:12:0,
                 from ../../standalone_bsp_0/ps7_cortexa9_0/include/ff.h:26,
                 from ../src/helloworld.c:9:
../../standalone_bsp_0/ps7_cortexa9_0/include/xparameters.h:273:47: warning: passing argument 1 of 'XSobel_Get_output_r' makes pointer from integer without a cast [-Wint-conversion]
 #define XPAR_XSOBEL_0_S_AXI_AXILITES_BASEADDR 0x43C00000
                                               ^
../src/helloworld.c:268:29: note: in expansion of macro 'XPAR_XSOBEL_0_S_AXI_AXILITES_BASEADDR'
  output=XSobel_Get_output_r(XPAR_XSOBEL_0_S_AXI_AXILITES_BASEADDR);
                             ^
In file included from ../src/helloworld.c:15:0:
../../standalone_bsp_0/ps7_cortexa9_0/include/xsobel.h:93:5: note: expected 'XSobel * {aka struct <anonymous> *}' but argument is of type 'int'
 u32 XSobel_Get_output_r(XSobel *InstancePtr);
     ^
../src/helloworld.c:268:8: warning: assignment makes pointer from integer without a cast [-Wint-conversion]
  output=XSobel_Get_output_r(XPAR_XSOBEL_0_S_AXI_AXILITES_BASEADDR);
        ^
../src/helloworld.c:260:6: warning: variable 'status' set but not used [-Wunused-but-set-variable]
  int status;
      ^
'Finished building: ../src/helloworld.c'
' '
'Building target: sobel.elf'
'Invoking: ARM v7 gcc linker'
arm-none-eabi-gcc -mcpu=cortex-a9 -mfpu=vfpv3 -mfloat-abi=hard -Wl,-build-id=none -specs=Xilinx.spec -Wl,-T -Wl,../src/lscript.ld -L../../standalone_bsp_0/ps7_cortexa9_0/lib -o "sobel.elf"  ./src/helloworld.o ./src/platform.o   -lm -Wl,--start-group,-lxil,-lgcc,-lc,--end-group -Wl,--start-group,-lxilffs,-lxil,-lgcc,-lc,--end-group
'Finished building target: sobel.elf'
' '
'Invoking: ARM v7 Print Size'
arm-none-eabi-size sobel.elf  |tee "sobel.elf.size"
   text	   data	    bss	    dec	    hex	filename
 114220	   4408	3172784	3291412	 323914	sobel.elf
'Finished building: sobel.elf.size'
' '
19:32:18 **** Auto Build of configuration Debug for project sobel ****
make pre-build main-build 
a9-linaro-pre-build-step
' '
'Building file: ../src/helloworld.c'
'Invoking: ARM v7 gcc compiler'
arm-none-eabi-gcc -Wall -O0 -g3 -pg -c -fmessage-length=0 -MT"src/helloworld.o" -mcpu=cortex-a9 -mfpu=vfpv3 -mfloat-abi=hard -I../../standalone_bsp_0/ps7_cortexa9_0/include -MMD -MP -MF"src/helloworld.d" -MT"src/helloworld.o" -o "src/helloworld.o" "../src/helloworld.c"
In file included from ../../standalone_bsp_0/ps7_cortexa9_0/include/ffconf.h:12:0,
                 from ../../standalone_bsp_0/ps7_cortexa9_0/include/ff.h:26,
                 from ../src/helloworld.c:9:
../src/helloworld.c: In function 'sobel_hls':
../../standalone_bsp_0/ps7_cortexa9_0/include/xparameters.h:273:47: warning: passing argument 1 of 'XSobel_Initialize' makes pointer from integer without a cast [-Wint-conversion]
 #define XPAR_XSOBEL_0_S_AXI_AXILITES_BASEADDR 0x43C00000
                                               ^
../src/helloworld.c:261:27: note: in expansion of macro 'XPAR_XSOBEL_0_S_AXI_AXILITES_BASEADDR'
  status=XSobel_Initialize(XPAR_XSOBEL_0_S_AXI_AXILITES_BASEADDR, XPAR_SOBEL_0_DEVICE_ID);
                           ^
In file included from ../src/helloworld.c:15:0:
../../standalone_bsp_0/ps7_cortexa9_0/include/xsobel.h:75:5: note: expected 'XSobel * {aka struct <anonymous> *}' but argument is of type 'int'
 int XSobel_Initialize(XSobel *InstancePtr, u16 DeviceId);
     ^
In file included from ../../standalone_bsp_0/ps7_cortexa9_0/include/ffconf.h:12:0,
                 from ../../standalone_bsp_0/ps7_cortexa9_0/include/ff.h:26,
                 from ../src/helloworld.c:9:
../../standalone_bsp_0/ps7_cortexa9_0/include/xparameters.h:273:47: warning: passing argument 1 of 'XSobel_Set_input_r' makes pointer from integer without a cast [-Wint-conversion]
 #define XPAR_XSOBEL_0_S_AXI_AXILITES_BASEADDR 0x43C00000
                                               ^
../src/helloworld.c:262:21: note: in expansion of macro 'XPAR_XSOBEL_0_S_AXI_AXILITES_BASEADDR'
  XSobel_Set_input_r(XPAR_XSOBEL_0_S_AXI_AXILITES_BASEADDR,(u32)input);
                     ^
In file included from ../src/helloworld.c:15:0:
../../standalone_bsp_0/ps7_cortexa9_0/include/xsobel.h:90:6: note: expected 'XSobel * {aka struct <anonymous> *}' but argument is of type 'int'
 void XSobel_Set_input_r(XSobel *InstancePtr, u32 Data);
      ^
In file included from ../../standalone_bsp_0/ps7_cortexa9_0/include/ffconf.h:12:0,
                 from ../../standalone_bsp_0/ps7_cortexa9_0/include/ff.h:26,
                 from ../src/helloworld.c:9:
../../standalone_bsp_0/ps7_cortexa9_0/include/xparameters.h:273:47: warning: passing argument 1 of 'XSobel_Start' makes pointer from integer without a cast [-Wint-conversion]
 #define XPAR_XSOBEL_0_S_AXI_AXILITES_BASEADDR 0x43C00000
                                               ^
../src/helloworld.c:263:15: note: in expansion of macro 'XPAR_XSOBEL_0_S_AXI_AXILITES_BASEADDR'
  XSobel_Start(XPAR_XSOBEL_0_S_AXI_AXILITES_BASEADDR);
               ^
In file included from ../src/helloworld.c:15:0:
../../standalone_bsp_0/ps7_cortexa9_0/include/xsobel.h:83:6: note: expected 'XSobel * {aka struct <anonymous> *}' but argument is of type 'int'
 void XSobel_Start(XSobel *InstancePtr);
      ^
In file included from ../../standalone_bsp_0/ps7_cortexa9_0/include/ffconf.h:12:0,
                 from ../../standalone_bsp_0/ps7_cortexa9_0/include/ff.h:26,
                 from ../src/helloworld.c:9:
../../standalone_bsp_0/ps7_cortexa9_0/include/xparameters.h:273:47: warning: passing argument 1 of 'XSobel_IsDone' makes pointer from integer without a cast [-Wint-conversion]
 #define XPAR_XSOBEL_0_S_AXI_AXILITES_BASEADDR 0x43C00000
                                               ^
../src/helloworld.c:266:27: note: in expansion of macro 'XPAR_XSOBEL_0_S_AXI_AXILITES_BASEADDR'
   } while (!XSobel_IsDone(XPAR_XSOBEL_0_S_AXI_AXILITES_BASEADDR));
                           ^
In file included from ../src/helloworld.c:15:0:
../../standalone_bsp_0/ps7_cortexa9_0/include/xsobel.h:84:5: note: expected 'XSobel * {aka struct <anonymous> *}' but argument is of type 'int'
 u32 XSobel_IsDone(XSobel *InstancePtr);
     ^
In file included from ../../standalone_bsp_0/ps7_cortexa9_0/include/ffconf.h:12:0,
                 from ../../standalone_bsp_0/ps7_cortexa9_0/include/ff.h:26,
                 from ../src/helloworld.c:9:
../../standalone_bsp_0/ps7_cortexa9_0/include/xparameters.h:273:47: warning: passing argument 1 of 'XSobel_Get_output_r' makes pointer from integer without a cast [-Wint-conversion]
 #define XPAR_XSOBEL_0_S_AXI_AXILITES_BASEADDR 0x43C00000
                                               ^
../src/helloworld.c:268:34: note: in expansion of macro 'XPAR_XSOBEL_0_S_AXI_AXILITES_BASEADDR'
  output=(u32)XSobel_Get_output_r(XPAR_XSOBEL_0_S_AXI_AXILITES_BASEADDR);
                                  ^
In file included from ../src/helloworld.c:15:0:
../../standalone_bsp_0/ps7_cortexa9_0/include/xsobel.h:93:5: note: expected 'XSobel * {aka struct <anonymous> *}' but argument is of type 'int'
 u32 XSobel_Get_output_r(XSobel *InstancePtr);
     ^
../src/helloworld.c:268:8: warning: assignment makes pointer from integer without a cast [-Wint-conversion]
  output=(u32)XSobel_Get_output_r(XPAR_XSOBEL_0_S_AXI_AXILITES_BASEADDR);
        ^
../src/helloworld.c:260:6: warning: variable 'status' set but not used [-Wunused-but-set-variable]
  int status;
      ^
'Finished building: ../src/helloworld.c'
' '
'Building target: sobel.elf'
'Invoking: ARM v7 gcc linker'
arm-none-eabi-gcc -mcpu=cortex-a9 -mfpu=vfpv3 -mfloat-abi=hard -Wl,-build-id=none -specs=Xilinx.spec -Wl,-T -Wl,../src/lscript.ld -L../../standalone_bsp_0/ps7_cortexa9_0/lib -o "sobel.elf"  ./src/helloworld.o ./src/platform.o   -lm -Wl,--start-group,-lxil,-lgcc,-lc,--end-group -Wl,--start-group,-lxilffs,-lxil,-lgcc,-lc,--end-group
'Finished building target: sobel.elf'
' '
'Invoking: ARM v7 Print Size'
arm-none-eabi-size sobel.elf  |tee "sobel.elf.size"
   text	   data	    bss	    dec	    hex	filename
 114220	   4408	3172784	3291412	 323914	sobel.elf
'Finished building: sobel.elf.size'
' '
19:32:30 **** Auto Build of configuration Debug for project sobel ****
make pre-build main-build 
a9-linaro-pre-build-step
' '
'Building file: ../src/helloworld.c'
'Invoking: ARM v7 gcc compiler'
arm-none-eabi-gcc -Wall -O0 -g3 -pg -c -fmessage-length=0 -MT"src/helloworld.o" -mcpu=cortex-a9 -mfpu=vfpv3 -mfloat-abi=hard -I../../standalone_bsp_0/ps7_cortexa9_0/include -MMD -MP -MF"src/helloworld.d" -MT"src/helloworld.o" -o "src/helloworld.o" "../src/helloworld.c"
In file included from ../../standalone_bsp_0/ps7_cortexa9_0/include/ffconf.h:12:0,
                 from ../../standalone_bsp_0/ps7_cortexa9_0/include/ff.h:26,
                 from ../src/helloworld.c:9:
../src/helloworld.c: In function 'sobel_hls':
../../standalone_bsp_0/ps7_cortexa9_0/include/xparameters.h:273:47: warning: passing argument 1 of 'XSobel_Initialize' makes pointer from integer without a cast [-Wint-conversion]
 #define XPAR_XSOBEL_0_S_AXI_AXILITES_BASEADDR 0x43C00000
                                               ^
../src/helloworld.c:261:27: note: in expansion of macro 'XPAR_XSOBEL_0_S_AXI_AXILITES_BASEADDR'
  status=XSobel_Initialize(XPAR_XSOBEL_0_S_AXI_AXILITES_BASEADDR, XPAR_SOBEL_0_DEVICE_ID);
                           ^
In file included from ../src/helloworld.c:15:0:
../../standalone_bsp_0/ps7_cortexa9_0/include/xsobel.h:75:5: note: expected 'XSobel * {aka struct <anonymous> *}' but argument is of type 'int'
 int XSobel_Initialize(XSobel *InstancePtr, u16 DeviceId);
     ^
In file included from ../../standalone_bsp_0/ps7_cortexa9_0/include/ffconf.h:12:0,
                 from ../../standalone_bsp_0/ps7_cortexa9_0/include/ff.h:26,
                 from ../src/helloworld.c:9:
../../standalone_bsp_0/ps7_cortexa9_0/include/xparameters.h:273:47: warning: passing argument 1 of 'XSobel_Set_input_r' makes pointer from integer without a cast [-Wint-conversion]
 #define XPAR_XSOBEL_0_S_AXI_AXILITES_BASEADDR 0x43C00000
                                               ^
../src/helloworld.c:262:21: note: in expansion of macro 'XPAR_XSOBEL_0_S_AXI_AXILITES_BASEADDR'
  XSobel_Set_input_r(XPAR_XSOBEL_0_S_AXI_AXILITES_BASEADDR,(u32)input);
                     ^
In file included from ../src/helloworld.c:15:0:
../../standalone_bsp_0/ps7_cortexa9_0/include/xsobel.h:90:6: note: expected 'XSobel * {aka struct <anonymous> *}' but argument is of type 'int'
 void XSobel_Set_input_r(XSobel *InstancePtr, u32 Data);
      ^
In file included from ../../standalone_bsp_0/ps7_cortexa9_0/include/ffconf.h:12:0,
                 from ../../standalone_bsp_0/ps7_cortexa9_0/include/ff.h:26,
                 from ../src/helloworld.c:9:
../../standalone_bsp_0/ps7_cortexa9_0/include/xparameters.h:273:47: warning: passing argument 1 of 'XSobel_Start' makes pointer from integer without a cast [-Wint-conversion]
 #define XPAR_XSOBEL_0_S_AXI_AXILITES_BASEADDR 0x43C00000
                                               ^
../src/helloworld.c:263:15: note: in expansion of macro 'XPAR_XSOBEL_0_S_AXI_AXILITES_BASEADDR'
  XSobel_Start(XPAR_XSOBEL_0_S_AXI_AXILITES_BASEADDR);
               ^
In file included from ../src/helloworld.c:15:0:
../../standalone_bsp_0/ps7_cortexa9_0/include/xsobel.h:83:6: note: expected 'XSobel * {aka struct <anonymous> *}' but argument is of type 'int'
 void XSobel_Start(XSobel *InstancePtr);
      ^
In file included from ../../standalone_bsp_0/ps7_cortexa9_0/include/ffconf.h:12:0,
                 from ../../standalone_bsp_0/ps7_cortexa9_0/include/ff.h:26,
                 from ../src/helloworld.c:9:
../../standalone_bsp_0/ps7_cortexa9_0/include/xparameters.h:273:47: warning: passing argument 1 of 'XSobel_IsDone' makes pointer from integer without a cast [-Wint-conversion]
 #define XPAR_XSOBEL_0_S_AXI_AXILITES_BASEADDR 0x43C00000
                                               ^
../src/helloworld.c:266:27: note: in expansion of macro 'XPAR_XSOBEL_0_S_AXI_AXILITES_BASEADDR'
   } while (!XSobel_IsDone(XPAR_XSOBEL_0_S_AXI_AXILITES_BASEADDR));
                           ^
In file included from ../src/helloworld.c:15:0:
../../standalone_bsp_0/ps7_cortexa9_0/include/xsobel.h:84:5: note: expected 'XSobel * {aka struct <anonymous> *}' but argument is of type 'int'
 u32 XSobel_IsDone(XSobel *InstancePtr);
     ^
../src/helloworld.c:268:10: error: 'unigned' undeclared (first use in this function)
  output=(unigned int)XSobel_Get_output_r(XPAR_XSOBEL_0_S_AXI_AXILITES_BASEADDR);
          ^
../src/helloworld.c:268:10: note: each undeclared identifier is reported only once for each function it appears in
../src/helloworld.c:268:18: error: expected ')' before 'int'
  output=(unigned int)XSobel_Get_output_r(XPAR_XSOBEL_0_S_AXI_AXILITES_BASEADDR);
                  ^
../src/helloworld.c:268:22: error: expected ';' before 'XSobel_Get_output_r'
  output=(unigned int)XSobel_Get_output_r(XPAR_XSOBEL_0_S_AXI_AXILITES_BASEADDR);
                      ^
../src/helloworld.c:260:6: warning: variable 'status' set but not used [-Wunused-but-set-variable]
  int status;
      ^
make: *** [src/helloworld.o] Error 1
19:32:37 **** Auto Build of configuration Debug for project sobel ****
make pre-build main-build 
a9-linaro-pre-build-step
' '
'Building file: ../src/helloworld.c'
'Invoking: ARM v7 gcc compiler'
arm-none-eabi-gcc -Wall -O0 -g3 -pg -c -fmessage-length=0 -MT"src/helloworld.o" -mcpu=cortex-a9 -mfpu=vfpv3 -mfloat-abi=hard -I../../standalone_bsp_0/ps7_cortexa9_0/include -MMD -MP -MF"src/helloworld.d" -MT"src/helloworld.o" -o "src/helloworld.o" "../src/helloworld.c"
In file included from ../../standalone_bsp_0/ps7_cortexa9_0/include/ffconf.h:12:0,
                 from ../../standalone_bsp_0/ps7_cortexa9_0/include/ff.h:26,
                 from ../src/helloworld.c:9:
../src/helloworld.c: In function 'sobel_hls':
../../standalone_bsp_0/ps7_cortexa9_0/include/xparameters.h:273:47: warning: passing argument 1 of 'XSobel_Initialize' makes pointer from integer without a cast [-Wint-conversion]
 #define XPAR_XSOBEL_0_S_AXI_AXILITES_BASEADDR 0x43C00000
                                               ^
../src/helloworld.c:261:27: note: in expansion of macro 'XPAR_XSOBEL_0_S_AXI_AXILITES_BASEADDR'
  status=XSobel_Initialize(XPAR_XSOBEL_0_S_AXI_AXILITES_BASEADDR, XPAR_SOBEL_0_DEVICE_ID);
                           ^
In file included from ../src/helloworld.c:15:0:
../../standalone_bsp_0/ps7_cortexa9_0/include/xsobel.h:75:5: note: expected 'XSobel * {aka struct <anonymous> *}' but argument is of type 'int'
 int XSobel_Initialize(XSobel *InstancePtr, u16 DeviceId);
     ^
In file included from ../../standalone_bsp_0/ps7_cortexa9_0/include/ffconf.h:12:0,
                 from ../../standalone_bsp_0/ps7_cortexa9_0/include/ff.h:26,
                 from ../src/helloworld.c:9:
../../standalone_bsp_0/ps7_cortexa9_0/include/xparameters.h:273:47: warning: passing argument 1 of 'XSobel_Set_input_r' makes pointer from integer without a cast [-Wint-conversion]
 #define XPAR_XSOBEL_0_S_AXI_AXILITES_BASEADDR 0x43C00000
                                               ^
../src/helloworld.c:262:21: note: in expansion of macro 'XPAR_XSOBEL_0_S_AXI_AXILITES_BASEADDR'
  XSobel_Set_input_r(XPAR_XSOBEL_0_S_AXI_AXILITES_BASEADDR,(u32)input);
                     ^
In file included from ../src/helloworld.c:15:0:
../../standalone_bsp_0/ps7_cortexa9_0/include/xsobel.h:90:6: note: expected 'XSobel * {aka struct <anonymous> *}' but argument is of type 'int'
 void XSobel_Set_input_r(XSobel *InstancePtr, u32 Data);
      ^
In file included from ../../standalone_bsp_0/ps7_cortexa9_0/include/ffconf.h:12:0,
                 from ../../standalone_bsp_0/ps7_cortexa9_0/include/ff.h:26,
                 from ../src/helloworld.c:9:
../../standalone_bsp_0/ps7_cortexa9_0/include/xparameters.h:273:47: warning: passing argument 1 of 'XSobel_Start' makes pointer from integer without a cast [-Wint-conversion]
 #define XPAR_XSOBEL_0_S_AXI_AXILITES_BASEADDR 0x43C00000
                                               ^
../src/helloworld.c:263:15: note: in expansion of macro 'XPAR_XSOBEL_0_S_AXI_AXILITES_BASEADDR'
  XSobel_Start(XPAR_XSOBEL_0_S_AXI_AXILITES_BASEADDR);
               ^
In file included from ../src/helloworld.c:15:0:
../../standalone_bsp_0/ps7_cortexa9_0/include/xsobel.h:83:6: note: expected 'XSobel * {aka struct <anonymous> *}' but argument is of type 'int'
 void XSobel_Start(XSobel *InstancePtr);
      ^
In file included from ../../standalone_bsp_0/ps7_cortexa9_0/include/ffconf.h:12:0,
                 from ../../standalone_bsp_0/ps7_cortexa9_0/include/ff.h:26,
                 from ../src/helloworld.c:9:
../../standalone_bsp_0/ps7_cortexa9_0/include/xparameters.h:273:47: warning: passing argument 1 of 'XSobel_IsDone' makes pointer from integer without a cast [-Wint-conversion]
 #define XPAR_XSOBEL_0_S_AXI_AXILITES_BASEADDR 0x43C00000
                                               ^
../src/helloworld.c:266:27: note: in expansion of macro 'XPAR_XSOBEL_0_S_AXI_AXILITES_BASEADDR'
   } while (!XSobel_IsDone(XPAR_XSOBEL_0_S_AXI_AXILITES_BASEADDR));
                           ^
In file included from ../src/helloworld.c:15:0:
../../standalone_bsp_0/ps7_cortexa9_0/include/xsobel.h:84:5: note: expected 'XSobel * {aka struct <anonymous> *}' but argument is of type 'int'
 u32 XSobel_IsDone(XSobel *InstancePtr);
     ^
In file included from ../../standalone_bsp_0/ps7_cortexa9_0/include/ffconf.h:12:0,
                 from ../../standalone_bsp_0/ps7_cortexa9_0/include/ff.h:26,
                 from ../src/helloworld.c:9:
../../standalone_bsp_0/ps7_cortexa9_0/include/xparameters.h:273:47: warning: passing argument 1 of 'XSobel_Get_output_r' makes pointer from integer without a cast [-Wint-conversion]
 #define XPAR_XSOBEL_0_S_AXI_AXILITES_BASEADDR 0x43C00000
                                               ^
../src/helloworld.c:268:43: note: in expansion of macro 'XPAR_XSOBEL_0_S_AXI_AXILITES_BASEADDR'
  output=(unsigned int)XSobel_Get_output_r(XPAR_XSOBEL_0_S_AXI_AXILITES_BASEADDR);
                                           ^
In file included from ../src/helloworld.c:15:0:
../../standalone_bsp_0/ps7_cortexa9_0/include/xsobel.h:93:5: note: expected 'XSobel * {aka struct <anonymous> *}' but argument is of type 'int'
 u32 XSobel_Get_output_r(XSobel *InstancePtr);
     ^
../src/helloworld.c:268:8: warning: assignment makes pointer from integer without a cast [-Wint-conversion]
  output=(unsigned int)XSobel_Get_output_r(XPAR_XSOBEL_0_S_AXI_AXILITES_BASEADDR);
        ^
../src/helloworld.c:260:6: warning: variable 'status' set but not used [-Wunused-but-set-variable]
  int status;
      ^
'Finished building: ../src/helloworld.c'
' '
'Building target: sobel.elf'
'Invoking: ARM v7 gcc linker'
arm-none-eabi-gcc -mcpu=cortex-a9 -mfpu=vfpv3 -mfloat-abi=hard -Wl,-build-id=none -specs=Xilinx.spec -Wl,-T -Wl,../src/lscript.ld -L../../standalone_bsp_0/ps7_cortexa9_0/lib -o "sobel.elf"  ./src/helloworld.o ./src/platform.o   -lm -Wl,--start-group,-lxil,-lgcc,-lc,--end-group -Wl,--start-group,-lxilffs,-lxil,-lgcc,-lc,--end-group
'Finished building target: sobel.elf'
' '
'Invoking: ARM v7 Print Size'
arm-none-eabi-size sobel.elf  |tee "sobel.elf.size"
   text	   data	    bss	    dec	    hex	filename
 114220	   4408	3172784	3291412	 323914	sobel.elf
'Finished building: sobel.elf.size'
' '
19:33:03 **** Auto Build of configuration Debug for project sobel ****
make pre-build main-build 
a9-linaro-pre-build-step
' '
'Building file: ../src/helloworld.c'
'Invoking: ARM v7 gcc compiler'
arm-none-eabi-gcc -Wall -O0 -g3 -pg -c -fmessage-length=0 -MT"src/helloworld.o" -mcpu=cortex-a9 -mfpu=vfpv3 -mfloat-abi=hard -I../../standalone_bsp_0/ps7_cortexa9_0/include -MMD -MP -MF"src/helloworld.d" -MT"src/helloworld.o" -o "src/helloworld.o" "../src/helloworld.c"
In file included from ../../standalone_bsp_0/ps7_cortexa9_0/include/ffconf.h:12:0,
                 from ../../standalone_bsp_0/ps7_cortexa9_0/include/ff.h:26,
                 from ../src/helloworld.c:9:
../src/helloworld.c: In function 'sobel_hls':
../../standalone_bsp_0/ps7_cortexa9_0/include/xparameters.h:273:47: warning: passing argument 1 of 'XSobel_Initialize' makes pointer from integer without a cast [-Wint-conversion]
 #define XPAR_XSOBEL_0_S_AXI_AXILITES_BASEADDR 0x43C00000
                                               ^
../src/helloworld.c:261:27: note: in expansion of macro 'XPAR_XSOBEL_0_S_AXI_AXILITES_BASEADDR'
  status=XSobel_Initialize(XPAR_XSOBEL_0_S_AXI_AXILITES_BASEADDR, XPAR_SOBEL_0_DEVICE_ID);
                           ^
In file included from ../src/helloworld.c:15:0:
../../standalone_bsp_0/ps7_cortexa9_0/include/xsobel.h:75:5: note: expected 'XSobel * {aka struct <anonymous> *}' but argument is of type 'int'
 int XSobel_Initialize(XSobel *InstancePtr, u16 DeviceId);
     ^
In file included from ../../standalone_bsp_0/ps7_cortexa9_0/include/ffconf.h:12:0,
                 from ../../standalone_bsp_0/ps7_cortexa9_0/include/ff.h:26,
                 from ../src/helloworld.c:9:
../../standalone_bsp_0/ps7_cortexa9_0/include/xparameters.h:273:47: warning: passing argument 1 of 'XSobel_Set_input_r' makes pointer from integer without a cast [-Wint-conversion]
 #define XPAR_XSOBEL_0_S_AXI_AXILITES_BASEADDR 0x43C00000
                                               ^
../src/helloworld.c:262:21: note: in expansion of macro 'XPAR_XSOBEL_0_S_AXI_AXILITES_BASEADDR'
  XSobel_Set_input_r(XPAR_XSOBEL_0_S_AXI_AXILITES_BASEADDR,(u32)input);
                     ^
In file included from ../src/helloworld.c:15:0:
../../standalone_bsp_0/ps7_cortexa9_0/include/xsobel.h:90:6: note: expected 'XSobel * {aka struct <anonymous> *}' but argument is of type 'int'
 void XSobel_Set_input_r(XSobel *InstancePtr, u32 Data);
      ^
In file included from ../../standalone_bsp_0/ps7_cortexa9_0/include/ffconf.h:12:0,
                 from ../../standalone_bsp_0/ps7_cortexa9_0/include/ff.h:26,
                 from ../src/helloworld.c:9:
../../standalone_bsp_0/ps7_cortexa9_0/include/xparameters.h:273:47: warning: passing argument 1 of 'XSobel_Start' makes pointer from integer without a cast [-Wint-conversion]
 #define XPAR_XSOBEL_0_S_AXI_AXILITES_BASEADDR 0x43C00000
                                               ^
../src/helloworld.c:263:15: note: in expansion of macro 'XPAR_XSOBEL_0_S_AXI_AXILITES_BASEADDR'
  XSobel_Start(XPAR_XSOBEL_0_S_AXI_AXILITES_BASEADDR);
               ^
In file included from ../src/helloworld.c:15:0:
../../standalone_bsp_0/ps7_cortexa9_0/include/xsobel.h:83:6: note: expected 'XSobel * {aka struct <anonymous> *}' but argument is of type 'int'
 void XSobel_Start(XSobel *InstancePtr);
      ^
In file included from ../../standalone_bsp_0/ps7_cortexa9_0/include/ffconf.h:12:0,
                 from ../../standalone_bsp_0/ps7_cortexa9_0/include/ff.h:26,
                 from ../src/helloworld.c:9:
../../standalone_bsp_0/ps7_cortexa9_0/include/xparameters.h:273:47: warning: passing argument 1 of 'XSobel_IsDone' makes pointer from integer without a cast [-Wint-conversion]
 #define XPAR_XSOBEL_0_S_AXI_AXILITES_BASEADDR 0x43C00000
                                               ^
../src/helloworld.c:266:27: note: in expansion of macro 'XPAR_XSOBEL_0_S_AXI_AXILITES_BASEADDR'
   } while (!XSobel_IsDone(XPAR_XSOBEL_0_S_AXI_AXILITES_BASEADDR));
                           ^
In file included from ../src/helloworld.c:15:0:
../../standalone_bsp_0/ps7_cortexa9_0/include/xsobel.h:84:5: note: expected 'XSobel * {aka struct <anonymous> *}' but argument is of type 'int'
 u32 XSobel_IsDone(XSobel *InstancePtr);
     ^
In file included from ../../standalone_bsp_0/ps7_cortexa9_0/include/ffconf.h:12:0,
                 from ../../standalone_bsp_0/ps7_cortexa9_0/include/ff.h:26,
                 from ../src/helloworld.c:9:
../../standalone_bsp_0/ps7_cortexa9_0/include/xparameters.h:273:47: warning: passing argument 1 of 'XSobel_Get_output_r' makes pointer from integer without a cast [-Wint-conversion]
 #define XPAR_XSOBEL_0_S_AXI_AXILITES_BASEADDR 0x43C00000
                                               ^
../src/helloworld.c:268:34: note: in expansion of macro 'XPAR_XSOBEL_0_S_AXI_AXILITES_BASEADDR'
  char * kati=XSobel_Get_output_r(XPAR_XSOBEL_0_S_AXI_AXILITES_BASEADDR);
                                  ^
In file included from ../src/helloworld.c:15:0:
../../standalone_bsp_0/ps7_cortexa9_0/include/xsobel.h:93:5: note: expected 'XSobel * {aka struct <anonymous> *}' but argument is of type 'int'
 u32 XSobel_Get_output_r(XSobel *InstancePtr);
     ^
../src/helloworld.c:268:14: warning: initialization makes pointer from integer without a cast [-Wint-conversion]
  char * kati=XSobel_Get_output_r(XPAR_XSOBEL_0_S_AXI_AXILITES_BASEADDR);
              ^
../src/helloworld.c:268:9: warning: unused variable 'kati' [-Wunused-variable]
  char * kati=XSobel_Get_output_r(XPAR_XSOBEL_0_S_AXI_AXILITES_BASEADDR);
         ^
../src/helloworld.c:260:6: warning: variable 'status' set but not used [-Wunused-but-set-variable]
  int status;
      ^
'Finished building: ../src/helloworld.c'
' '
'Building target: sobel.elf'
'Invoking: ARM v7 gcc linker'
arm-none-eabi-gcc -mcpu=cortex-a9 -mfpu=vfpv3 -mfloat-abi=hard -Wl,-build-id=none -specs=Xilinx.spec -Wl,-T -Wl,../src/lscript.ld -L../../standalone_bsp_0/ps7_cortexa9_0/lib -o "sobel.elf"  ./src/helloworld.o ./src/platform.o   -lm -Wl,--start-group,-lxil,-lgcc,-lc,--end-group -Wl,--start-group,-lxilffs,-lxil,-lgcc,-lc,--end-group
'Finished building target: sobel.elf'
' '
'Invoking: ARM v7 Print Size'
arm-none-eabi-size sobel.elf  |tee "sobel.elf.size"
   text	   data	    bss	    dec	    hex	filename
 114220	   4408	3172784	3291412	 323914	sobel.elf
'Finished building: sobel.elf.size'
' '
19:33:19 **** Auto Build of configuration Debug for project sobel ****
make pre-build main-build 
a9-linaro-pre-build-step
' '
'Building file: ../src/helloworld.c'
'Invoking: ARM v7 gcc compiler'
arm-none-eabi-gcc -Wall -O0 -g3 -pg -c -fmessage-length=0 -MT"src/helloworld.o" -mcpu=cortex-a9 -mfpu=vfpv3 -mfloat-abi=hard -I../../standalone_bsp_0/ps7_cortexa9_0/include -MMD -MP -MF"src/helloworld.d" -MT"src/helloworld.o" -o "src/helloworld.o" "../src/helloworld.c"
In file included from ../../standalone_bsp_0/ps7_cortexa9_0/include/ffconf.h:12:0,
                 from ../../standalone_bsp_0/ps7_cortexa9_0/include/ff.h:26,
                 from ../src/helloworld.c:9:
../src/helloworld.c: In function 'sobel_hls':
../../standalone_bsp_0/ps7_cortexa9_0/include/xparameters.h:273:47: warning: passing argument 1 of 'XSobel_Initialize' makes pointer from integer without a cast [-Wint-conversion]
 #define XPAR_XSOBEL_0_S_AXI_AXILITES_BASEADDR 0x43C00000
                                               ^
../src/helloworld.c:262:27: note: in expansion of macro 'XPAR_XSOBEL_0_S_AXI_AXILITES_BASEADDR'
  status=XSobel_Initialize(XPAR_XSOBEL_0_S_AXI_AXILITES_BASEADDR, XPAR_SOBEL_0_DEVICE_ID);
                           ^
In file included from ../src/helloworld.c:15:0:
../../standalone_bsp_0/ps7_cortexa9_0/include/xsobel.h:75:5: note: expected 'XSobel * {aka struct <anonymous> *}' but argument is of type 'int'
 int XSobel_Initialize(XSobel *InstancePtr, u16 DeviceId);
     ^
In file included from ../../standalone_bsp_0/ps7_cortexa9_0/include/ffconf.h:12:0,
                 from ../../standalone_bsp_0/ps7_cortexa9_0/include/ff.h:26,
                 from ../src/helloworld.c:9:
../../standalone_bsp_0/ps7_cortexa9_0/include/xparameters.h:273:47: warning: passing argument 1 of 'XSobel_Set_input_r' makes pointer from integer without a cast [-Wint-conversion]
 #define XPAR_XSOBEL_0_S_AXI_AXILITES_BASEADDR 0x43C00000
                                               ^
../src/helloworld.c:263:21: note: in expansion of macro 'XPAR_XSOBEL_0_S_AXI_AXILITES_BASEADDR'
  XSobel_Set_input_r(XPAR_XSOBEL_0_S_AXI_AXILITES_BASEADDR,(u32)input);
                     ^
In file included from ../src/helloworld.c:15:0:
../../standalone_bsp_0/ps7_cortexa9_0/include/xsobel.h:90:6: note: expected 'XSobel * {aka struct <anonymous> *}' but argument is of type 'int'
 void XSobel_Set_input_r(XSobel *InstancePtr, u32 Data);
      ^
In file included from ../../standalone_bsp_0/ps7_cortexa9_0/include/ffconf.h:12:0,
                 from ../../standalone_bsp_0/ps7_cortexa9_0/include/ff.h:26,
                 from ../src/helloworld.c:9:
../../standalone_bsp_0/ps7_cortexa9_0/include/xparameters.h:273:47: warning: passing argument 1 of 'XSobel_Start' makes pointer from integer without a cast [-Wint-conversion]
 #define XPAR_XSOBEL_0_S_AXI_AXILITES_BASEADDR 0x43C00000
                                               ^
../src/helloworld.c:264:15: note: in expansion of macro 'XPAR_XSOBEL_0_S_AXI_AXILITES_BASEADDR'
  XSobel_Start(XPAR_XSOBEL_0_S_AXI_AXILITES_BASEADDR);
               ^
In file included from ../src/helloworld.c:15:0:
../../standalone_bsp_0/ps7_cortexa9_0/include/xsobel.h:83:6: note: expected 'XSobel * {aka struct <anonymous> *}' but argument is of type 'int'
 void XSobel_Start(XSobel *InstancePtr);
      ^
In file included from ../../standalone_bsp_0/ps7_cortexa9_0/include/ffconf.h:12:0,
                 from ../../standalone_bsp_0/ps7_cortexa9_0/include/ff.h:26,
                 from ../src/helloworld.c:9:
../../standalone_bsp_0/ps7_cortexa9_0/include/xparameters.h:273:47: warning: passing argument 1 of 'XSobel_IsDone' makes pointer from integer without a cast [-Wint-conversion]
 #define XPAR_XSOBEL_0_S_AXI_AXILITES_BASEADDR 0x43C00000
                                               ^
../src/helloworld.c:267:27: note: in expansion of macro 'XPAR_XSOBEL_0_S_AXI_AXILITES_BASEADDR'
   } while (!XSobel_IsDone(XPAR_XSOBEL_0_S_AXI_AXILITES_BASEADDR));
                           ^
In file included from ../src/helloworld.c:15:0:
../../standalone_bsp_0/ps7_cortexa9_0/include/xsobel.h:84:5: note: expected 'XSobel * {aka struct <anonymous> *}' but argument is of type 'int'
 u32 XSobel_IsDone(XSobel *InstancePtr);
     ^
In file included from ../../standalone_bsp_0/ps7_cortexa9_0/include/ffconf.h:12:0,
                 from ../../standalone_bsp_0/ps7_cortexa9_0/include/ff.h:26,
                 from ../src/helloworld.c:9:
../../standalone_bsp_0/ps7_cortexa9_0/include/xparameters.h:273:47: warning: passing argument 1 of 'XSobel_Get_output_r' makes pointer from integer without a cast [-Wint-conversion]
 #define XPAR_XSOBEL_0_S_AXI_AXILITES_BASEADDR 0x43C00000
                                               ^
../src/helloworld.c:269:27: note: in expansion of macro 'XPAR_XSOBEL_0_S_AXI_AXILITES_BASEADDR'
  kati=XSobel_Get_output_r(XPAR_XSOBEL_0_S_AXI_AXILITES_BASEADDR);
                           ^
In file included from ../src/helloworld.c:15:0:
../../standalone_bsp_0/ps7_cortexa9_0/include/xsobel.h:93:5: note: expected 'XSobel * {aka struct <anonymous> *}' but argument is of type 'int'
 u32 XSobel_Get_output_r(XSobel *InstancePtr);
     ^
../src/helloworld.c:269:6: warning: assignment makes pointer from integer without a cast [-Wint-conversion]
  kati=XSobel_Get_output_r(XPAR_XSOBEL_0_S_AXI_AXILITES_BASEADDR);
      ^
../src/helloworld.c:261:9: warning: variable 'kati' set but not used [-Wunused-but-set-variable]
  char * kati;
         ^
../src/helloworld.c:260:6: warning: variable 'status' set but not used [-Wunused-but-set-variable]
  int status;
      ^
'Finished building: ../src/helloworld.c'
' '
'Building target: sobel.elf'
'Invoking: ARM v7 gcc linker'
arm-none-eabi-gcc -mcpu=cortex-a9 -mfpu=vfpv3 -mfloat-abi=hard -Wl,-build-id=none -specs=Xilinx.spec -Wl,-T -Wl,../src/lscript.ld -L../../standalone_bsp_0/ps7_cortexa9_0/lib -o "sobel.elf"  ./src/helloworld.o ./src/platform.o   -lm -Wl,--start-group,-lxil,-lgcc,-lc,--end-group -Wl,--start-group,-lxilffs,-lxil,-lgcc,-lc,--end-group
'Finished building target: sobel.elf'
' '
'Invoking: ARM v7 Print Size'
arm-none-eabi-size sobel.elf  |tee "sobel.elf.size"
   text	   data	    bss	    dec	    hex	filename
 114220	   4408	3172784	3291412	 323914	sobel.elf
'Finished building: sobel.elf.size'
' '
19:34:12 **** Auto Build of configuration Debug for project sobel ****
make pre-build main-build 
a9-linaro-pre-build-step
' '
'Building file: ../src/helloworld.c'
'Invoking: ARM v7 gcc compiler'
arm-none-eabi-gcc -Wall -O0 -g3 -pg -c -fmessage-length=0 -MT"src/helloworld.o" -mcpu=cortex-a9 -mfpu=vfpv3 -mfloat-abi=hard -I../../standalone_bsp_0/ps7_cortexa9_0/include -MMD -MP -MF"src/helloworld.d" -MT"src/helloworld.o" -o "src/helloworld.o" "../src/helloworld.c"
In file included from ../../standalone_bsp_0/ps7_cortexa9_0/include/ffconf.h:12:0,
                 from ../../standalone_bsp_0/ps7_cortexa9_0/include/ff.h:26,
                 from ../src/helloworld.c:9:
../src/helloworld.c: In function 'sobel_hls':
../../standalone_bsp_0/ps7_cortexa9_0/include/xparameters.h:273:47: warning: passing argument 1 of 'XSobel_Initialize' makes pointer from integer without a cast [-Wint-conversion]
 #define XPAR_XSOBEL_0_S_AXI_AXILITES_BASEADDR 0x43C00000
                                               ^
../src/helloworld.c:262:27: note: in expansion of macro 'XPAR_XSOBEL_0_S_AXI_AXILITES_BASEADDR'
  status=XSobel_Initialize(XPAR_XSOBEL_0_S_AXI_AXILITES_BASEADDR, XPAR_SOBEL_0_DEVICE_ID);
                           ^
In file included from ../src/helloworld.c:15:0:
../../standalone_bsp_0/ps7_cortexa9_0/include/xsobel.h:75:5: note: expected 'XSobel * {aka struct <anonymous> *}' but argument is of type 'int'
 int XSobel_Initialize(XSobel *InstancePtr, u16 DeviceId);
     ^
In file included from ../../standalone_bsp_0/ps7_cortexa9_0/include/ffconf.h:12:0,
                 from ../../standalone_bsp_0/ps7_cortexa9_0/include/ff.h:26,
                 from ../src/helloworld.c:9:
../../standalone_bsp_0/ps7_cortexa9_0/include/xparameters.h:273:47: warning: passing argument 1 of 'XSobel_Set_input_r' makes pointer from integer without a cast [-Wint-conversion]
 #define XPAR_XSOBEL_0_S_AXI_AXILITES_BASEADDR 0x43C00000
                                               ^
../src/helloworld.c:263:21: note: in expansion of macro 'XPAR_XSOBEL_0_S_AXI_AXILITES_BASEADDR'
  XSobel_Set_input_r(XPAR_XSOBEL_0_S_AXI_AXILITES_BASEADDR,(u32)input);
                     ^
In file included from ../src/helloworld.c:15:0:
../../standalone_bsp_0/ps7_cortexa9_0/include/xsobel.h:90:6: note: expected 'XSobel * {aka struct <anonymous> *}' but argument is of type 'int'
 void XSobel_Set_input_r(XSobel *InstancePtr, u32 Data);
      ^
In file included from ../../standalone_bsp_0/ps7_cortexa9_0/include/ffconf.h:12:0,
                 from ../../standalone_bsp_0/ps7_cortexa9_0/include/ff.h:26,
                 from ../src/helloworld.c:9:
../../standalone_bsp_0/ps7_cortexa9_0/include/xparameters.h:273:47: warning: passing argument 1 of 'XSobel_Start' makes pointer from integer without a cast [-Wint-conversion]
 #define XPAR_XSOBEL_0_S_AXI_AXILITES_BASEADDR 0x43C00000
                                               ^
../src/helloworld.c:264:15: note: in expansion of macro 'XPAR_XSOBEL_0_S_AXI_AXILITES_BASEADDR'
  XSobel_Start(XPAR_XSOBEL_0_S_AXI_AXILITES_BASEADDR);
               ^
In file included from ../src/helloworld.c:15:0:
../../standalone_bsp_0/ps7_cortexa9_0/include/xsobel.h:83:6: note: expected 'XSobel * {aka struct <anonymous> *}' but argument is of type 'int'
 void XSobel_Start(XSobel *InstancePtr);
      ^
In file included from ../../standalone_bsp_0/ps7_cortexa9_0/include/ffconf.h:12:0,
                 from ../../standalone_bsp_0/ps7_cortexa9_0/include/ff.h:26,
                 from ../src/helloworld.c:9:
../../standalone_bsp_0/ps7_cortexa9_0/include/xparameters.h:273:47: warning: passing argument 1 of 'XSobel_IsDone' makes pointer from integer without a cast [-Wint-conversion]
 #define XPAR_XSOBEL_0_S_AXI_AXILITES_BASEADDR 0x43C00000
                                               ^
../src/helloworld.c:267:27: note: in expansion of macro 'XPAR_XSOBEL_0_S_AXI_AXILITES_BASEADDR'
   } while (!XSobel_IsDone(XPAR_XSOBEL_0_S_AXI_AXILITES_BASEADDR));
                           ^
In file included from ../src/helloworld.c:15:0:
../../standalone_bsp_0/ps7_cortexa9_0/include/xsobel.h:84:5: note: expected 'XSobel * {aka struct <anonymous> *}' but argument is of type 'int'
 u32 XSobel_IsDone(XSobel *InstancePtr);
     ^
In file included from ../../standalone_bsp_0/ps7_cortexa9_0/include/ffconf.h:12:0,
                 from ../../standalone_bsp_0/ps7_cortexa9_0/include/ff.h:26,
                 from ../src/helloworld.c:9:
../../standalone_bsp_0/ps7_cortexa9_0/include/xparameters.h:273:47: warning: passing argument 1 of 'XSobel_Get_output_r' makes pointer from integer without a cast [-Wint-conversion]
 #define XPAR_XSOBEL_0_S_AXI_AXILITES_BASEADDR 0x43C00000
                                               ^
../src/helloworld.c:269:27: note: in expansion of macro 'XPAR_XSOBEL_0_S_AXI_AXILITES_BASEADDR'
  kati=XSobel_Get_output_r(XPAR_XSOBEL_0_S_AXI_AXILITES_BASEADDR);
                           ^
In file included from ../src/helloworld.c:15:0:
../../standalone_bsp_0/ps7_cortexa9_0/include/xsobel.h:93:5: note: expected 'XSobel * {aka struct <anonymous> *}' but argument is of type 'int'
 u32 XSobel_Get_output_r(XSobel *InstancePtr);
     ^
../src/helloworld.c:269:6: warning: assignment makes pointer from integer without a cast [-Wint-conversion]
  kati=XSobel_Get_output_r(XPAR_XSOBEL_0_S_AXI_AXILITES_BASEADDR);
      ^
../src/helloworld.c:260:6: warning: variable 'status' set but not used [-Wunused-but-set-variable]
  int status;
      ^
'Finished building: ../src/helloworld.c'
' '
'Building target: sobel.elf'
'Invoking: ARM v7 gcc linker'
arm-none-eabi-gcc -mcpu=cortex-a9 -mfpu=vfpv3 -mfloat-abi=hard -Wl,-build-id=none -specs=Xilinx.spec -Wl,-T -Wl,../src/lscript.ld -L../../standalone_bsp_0/ps7_cortexa9_0/lib -o "sobel.elf"  ./src/helloworld.o ./src/platform.o   -lm -Wl,--start-group,-lxil,-lgcc,-lc,--end-group -Wl,--start-group,-lxilffs,-lxil,-lgcc,-lc,--end-group
'Finished building target: sobel.elf'
' '
'Invoking: ARM v7 Print Size'
arm-none-eabi-size sobel.elf  |tee "sobel.elf.size"
   text	   data	    bss	    dec	    hex	filename
 114228	   4408	3172784	3291420	 32391c	sobel.elf
'Finished building: sobel.elf.size'
' '
19:40:37 **** Incremental Build of configuration Debug for project lab2_simple ****
make pre-build main-build 
a9-linaro-pre-build-step
' '
'Building file: ../src/lab2.c'
'Invoking: ARM v7 gcc compiler'
arm-none-eabi-gcc -Wall -O0 -g3 -c -fmessage-length=0 -MT"src/lab2.o" -mcpu=cortex-a9 -mfpu=vfpv3 -mfloat-abi=hard -I../../lab2_simple_bsp_0/ps7_cortexa9_0/include -MMD -MP -MF"src/lab2.d" -MT"src/lab2.o" -o "src/lab2.o" "../src/lab2.c"
../src/lab2.c:2:19: fatal error: xgpio.h: No such file or directory
compilation terminated.
make: *** [src/lab2.o] Error 1
19:40:38 **** Incremental Build of configuration Debug for project sobel_hls ****
make pre-build main-build 
a9-linaro-pre-build-step
' '
make: Nothing to be done for `main-build'.
19:40:39 **** Incremental Build of configuration Debug for project sobel ****
make pre-build main-build 
a9-linaro-pre-build-step
' '
make: Nothing to be done for `main-build'.
19:41:23 **** Incremental Build of configuration Debug for project sobel ****
make pre-build main-build 
a9-linaro-pre-build-step
' '
make: Nothing to be done for `main-build'.
10:08:34 **** Build of configuration Debug for project sobel ****
make pre-build main-build 
a9-linaro-pre-build-step
' '
make: Nothing to be done for `main-build'.
15:09:33 **** Incremental Build of configuration Debug for project sobel ****
make pre-build main-build 
a9-linaro-pre-build-step
' '
make: Nothing to be done for `main-build'.
[...]
In file included from ../../standalone_bsp_0/ps7_cortexa9_0/include/ffconf.h:12:0,
                 from ../../standalone_bsp_0/ps7_cortexa9_0/include/ff.h:26,
                 from ../src/helloworld.c:9:
../src/helloworld.c: In function 'sobel_hls':
../../standalone_bsp_0/ps7_cortexa9_0/include/xparameters.h:273:47: warning: passing argument 1 of 'XSobel_Initialize' makes pointer from integer without a cast [-Wint-conversion]
 #define XPAR_XSOBEL_0_S_AXI_AXILITES_BASEADDR 0x43C00000
                                               ^
../src/helloworld.c:73:27: note: in expansion of macro 'XPAR_XSOBEL_0_S_AXI_AXILITES_BASEADDR'
  status=XSobel_Initialize(XPAR_XSOBEL_0_S_AXI_AXILITES_BASEADDR, XPAR_SOBEL_0_DEVICE_ID);
                           ^
In file included from ../src/helloworld.c:15:0:
../../standalone_bsp_0/ps7_cortexa9_0/include/xsobel.h:75:5: note: expected 'XSobel * {aka struct <anonymous> *}' but argument is of type 'int'
 int XSobel_Initialize(XSobel *InstancePtr, u16 DeviceId);
     ^
In file included from ../../standalone_bsp_0/ps7_cortexa9_0/include/ffconf.h:12:0,
                 from ../../standalone_bsp_0/ps7_cortexa9_0/include/ff.h:26,
                 from ../src/helloworld.c:9:
../../standalone_bsp_0/ps7_cortexa9_0/include/xparameters.h:273:47: warning: passing argument 1 of 'XSobel_Set_input_r' makes pointer from integer without a cast [-Wint-conversion]
 #define XPAR_XSOBEL_0_S_AXI_AXILITES_BASEADDR 0x43C00000
                                               ^
../src/helloworld.c:75:21: note: in expansion of macro 'XPAR_XSOBEL_0_S_AXI_AXILITES_BASEADDR'
  XSobel_Set_input_r(XPAR_XSOBEL_0_S_AXI_AXILITES_BASEADDR,(u32)input);
                     ^
In file included from ../src/helloworld.c:15:0:
../../standalone_bsp_0/ps7_cortexa9_0/include/xsobel.h:90:6: note: expected 'XSobel * {aka struct <anonymous> *}' but argument is of type 'int'
 void XSobel_Set_input_r(XSobel *InstancePtr, u32 Data);
      ^
In file included from ../../standalone_bsp_0/ps7_cortexa9_0/include/ffconf.h:12:0,
                 from ../../standalone_bsp_0/ps7_cortexa9_0/include/ff.h:26,
                 from ../src/helloworld.c:9:
../../standalone_bsp_0/ps7_cortexa9_0/include/xparameters.h:273:47: warning: passing argument 1 of 'XSobel_Start' makes pointer from integer without a cast [-Wint-conversion]
 #define XPAR_XSOBEL_0_S_AXI_AXILITES_BASEADDR 0x43C00000
                                               ^
../src/helloworld.c:77:15: note: in expansion of macro 'XPAR_XSOBEL_0_S_AXI_AXILITES_BASEADDR'
  XSobel_Start(XPAR_XSOBEL_0_S_AXI_AXILITES_BASEADDR);
               ^
In file included from ../src/helloworld.c:15:0:
../../standalone_bsp_0/ps7_cortexa9_0/include/xsobel.h:83:6: note: expected 'XSobel * {aka struct <anonymous> *}' but argument is of type 'int'
 void XSobel_Start(XSobel *InstancePtr);
      ^
In file included from ../../standalone_bsp_0/ps7_cortexa9_0/include/ffconf.h:12:0,
                 from ../../standalone_bsp_0/ps7_cortexa9_0/include/ff.h:26,
                 from ../src/helloworld.c:9:
../../standalone_bsp_0/ps7_cortexa9_0/include/xparameters.h:273:47: warning: passing argument 1 of 'XSobel_IsDone' makes pointer from integer without a cast [-Wint-conversion]
 #define XPAR_XSOBEL_0_S_AXI_AXILITES_BASEADDR 0x43C00000
                                               ^
../src/helloworld.c:81:26: note: in expansion of macro 'XPAR_XSOBEL_0_S_AXI_AXILITES_BASEADDR'
   } while (XSobel_IsDone(XPAR_XSOBEL_0_S_AXI_AXILITES_BASEADDR));
                          ^
In file included from ../src/helloworld.c:15:0:
../../standalone_bsp_0/ps7_cortexa9_0/include/xsobel.h:84:5: note: expected 'XSobel * {aka struct <anonymous> *}' but argument is of type 'int'
 u32 XSobel_IsDone(XSobel *InstancePtr);
     ^
In file included from ../../standalone_bsp_0/ps7_cortexa9_0/include/ffconf.h:12:0,
                 from ../../standalone_bsp_0/ps7_cortexa9_0/include/ff.h:26,
                 from ../src/helloworld.c:9:
../../standalone_bsp_0/ps7_cortexa9_0/include/xparameters.h:273:47: warning: passing argument 1 of 'XSobel_Get_output_r' makes pointer from integer without a cast [-Wint-conversion]
 #define XPAR_XSOBEL_0_S_AXI_AXILITES_BASEADDR 0x43C00000
                                               ^
../src/helloworld.c:83:27: note: in expansion of macro 'XPAR_XSOBEL_0_S_AXI_AXILITES_BASEADDR'
  kati=XSobel_Get_output_r(XPAR_XSOBEL_0_S_AXI_AXILITES_BASEADDR);
                           ^
In file included from ../src/helloworld.c:15:0:
../../standalone_bsp_0/ps7_cortexa9_0/include/xsobel.h:93:5: note: expected 'XSobel * {aka struct <anonymous> *}' but argument is of type 'int'
 u32 XSobel_Get_output_r(XSobel *InstancePtr);
     ^
../src/helloworld.c:83:6: warning: assignment makes pointer from integer without a cast [-Wint-conversion]
  kati=XSobel_Get_output_r(XPAR_XSOBEL_0_S_AXI_AXILITES_BASEADDR);
      ^
../src/helloworld.c:70:6: warning: variable 'status' set but not used [-Wunused-but-set-variable]
  int status;
      ^
../src/helloworld.c: In function 'sobel':
../src/helloworld.c:215:3: warning: 'routput' may be used uninitialized in this function [-Wmaybe-uninitialized]
   XSobel_Set_output_r(&InstancePtr,(u32)routput);
   ^
'Finished building: ../src/helloworld.c'
' '
'Building target: sobel.elf'
'Invoking: ARM v7 gcc linker'
arm-none-eabi-gcc -mcpu=cortex-a9 -mfpu=vfpv3 -mfloat-abi=hard -Wl,-build-id=none -specs=Xilinx.spec -Wl,-T -Wl,../src/lscript.ld -L../../standalone_bsp_0/ps7_cortexa9_0/lib -o "sobel.elf"  ./src/helloworld.o ./src/platform.o   -lm -Wl,--start-group,-lxil,-lgcc,-lc,--end-group -Wl,--start-group,-lxilffs,-lxil,-lgcc,-lc,--end-group
'Finished building target: sobel.elf'
' '
'Invoking: ARM v7 Print Size'
arm-none-eabi-size sobel.elf  |tee "sobel.elf.size"
   text	   data	    bss	    dec	    hex	filename
 115428	   4408	3172784	3292620	 323dcc	sobel.elf
'Finished building: sobel.elf.size'
' '
13:29:59 **** Auto Build of configuration Debug for project sobel ****
make pre-build main-build 
a9-linaro-pre-build-step
' '
'Building file: ../src/helloworld.c'
'Invoking: ARM v7 gcc compiler'
arm-none-eabi-gcc -Wall -O0 -g3 -pg -c -fmessage-length=0 -MT"src/helloworld.o" -mcpu=cortex-a9 -mfpu=vfpv3 -mfloat-abi=hard -I../../standalone_bsp_0/ps7_cortexa9_0/include -MMD -MP -MF"src/helloworld.d" -MT"src/helloworld.o" -o "src/helloworld.o" "../src/helloworld.c"
In file included from ../../standalone_bsp_0/ps7_cortexa9_0/include/ffconf.h:12:0,
                 from ../../standalone_bsp_0/ps7_cortexa9_0/include/ff.h:26,
                 from ../src/helloworld.c:9:
../src/helloworld.c: In function 'sobel_hls':
../../standalone_bsp_0/ps7_cortexa9_0/include/xparameters.h:273:47: warning: passing argument 1 of 'XSobel_Initialize' makes pointer from integer without a cast [-Wint-conversion]
 #define XPAR_XSOBEL_0_S_AXI_AXILITES_BASEADDR 0x43C00000
                                               ^
../src/helloworld.c:73:27: note: in expansion of macro 'XPAR_XSOBEL_0_S_AXI_AXILITES_BASEADDR'
  status=XSobel_Initialize(XPAR_XSOBEL_0_S_AXI_AXILITES_BASEADDR, XPAR_SOBEL_0_DEVICE_ID);
                           ^
In file included from ../src/helloworld.c:15:0:
../../standalone_bsp_0/ps7_cortexa9_0/include/xsobel.h:75:5: note: expected 'XSobel * {aka struct <anonymous> *}' but argument is of type 'int'
 int XSobel_Initialize(XSobel *InstancePtr, u16 DeviceId);
     ^
In file included from ../../standalone_bsp_0/ps7_cortexa9_0/include/ffconf.h:12:0,
                 from ../../standalone_bsp_0/ps7_cortexa9_0/include/ff.h:26,
                 from ../src/helloworld.c:9:
../../standalone_bsp_0/ps7_cortexa9_0/include/xparameters.h:273:47: warning: passing argument 1 of 'XSobel_Set_input_r' makes pointer from integer without a cast [-Wint-conversion]
 #define XPAR_XSOBEL_0_S_AXI_AXILITES_BASEADDR 0x43C00000
                                               ^
../src/helloworld.c:75:21: note: in expansion of macro 'XPAR_XSOBEL_0_S_AXI_AXILITES_BASEADDR'
  XSobel_Set_input_r(XPAR_XSOBEL_0_S_AXI_AXILITES_BASEADDR,(u32)input);
                     ^
In file included from ../src/helloworld.c:15:0:
../../standalone_bsp_0/ps7_cortexa9_0/include/xsobel.h:90:6: note: expected 'XSobel * {aka struct <anonymous> *}' but argument is of type 'int'
 void XSobel_Set_input_r(XSobel *InstancePtr, u32 Data);
      ^
In file included from ../../standalone_bsp_0/ps7_cortexa9_0/include/ffconf.h:12:0,
                 from ../../standalone_bsp_0/ps7_cortexa9_0/include/ff.h:26,
                 from ../src/helloworld.c:9:
../../standalone_bsp_0/ps7_cortexa9_0/include/xparameters.h:273:47: warning: passing argument 1 of 'XSobel_Start' makes pointer from integer without a cast [-Wint-conversion]
 #define XPAR_XSOBEL_0_S_AXI_AXILITES_BASEADDR 0x43C00000
                                               ^
../src/helloworld.c:77:15: note: in expansion of macro 'XPAR_XSOBEL_0_S_AXI_AXILITES_BASEADDR'
  XSobel_Start(XPAR_XSOBEL_0_S_AXI_AXILITES_BASEADDR);
               ^
In file included from ../src/helloworld.c:15:0:
../../standalone_bsp_0/ps7_cortexa9_0/include/xsobel.h:83:6: note: expected 'XSobel * {aka struct <anonymous> *}' but argument is of type 'int'
 void XSobel_Start(XSobel *InstancePtr);
      ^
In file included from ../../standalone_bsp_0/ps7_cortexa9_0/include/ffconf.h:12:0,
                 from ../../standalone_bsp_0/ps7_cortexa9_0/include/ff.h:26,
                 from ../src/helloworld.c:9:
../../standalone_bsp_0/ps7_cortexa9_0/include/xparameters.h:273:47: warning: passing argument 1 of 'XSobel_IsDone' makes pointer from integer without a cast [-Wint-conversion]
 #define XPAR_XSOBEL_0_S_AXI_AXILITES_BASEADDR 0x43C00000
                                               ^
../src/helloworld.c:81:26: note: in expansion of macro 'XPAR_XSOBEL_0_S_AXI_AXILITES_BASEADDR'
   } while (XSobel_IsDone(XPAR_XSOBEL_0_S_AXI_AXILITES_BASEADDR));
                          ^
In file included from ../src/helloworld.c:15:0:
../../standalone_bsp_0/ps7_cortexa9_0/include/xsobel.h:84:5: note: expected 'XSobel * {aka struct <anonymous> *}' but argument is of type 'int'
 u32 XSobel_IsDone(XSobel *InstancePtr);
     ^
In file included from ../../standalone_bsp_0/ps7_cortexa9_0/include/ffconf.h:12:0,
                 from ../../standalone_bsp_0/ps7_cortexa9_0/include/ff.h:26,
                 from ../src/helloworld.c:9:
../../standalone_bsp_0/ps7_cortexa9_0/include/xparameters.h:273:47: warning: passing argument 1 of 'XSobel_Get_output_r' makes pointer from integer without a cast [-Wint-conversion]
 #define XPAR_XSOBEL_0_S_AXI_AXILITES_BASEADDR 0x43C00000
                                               ^
../src/helloworld.c:83:27: note: in expansion of macro 'XPAR_XSOBEL_0_S_AXI_AXILITES_BASEADDR'
  kati=XSobel_Get_output_r(XPAR_XSOBEL_0_S_AXI_AXILITES_BASEADDR);
                           ^
In file included from ../src/helloworld.c:15:0:
../../standalone_bsp_0/ps7_cortexa9_0/include/xsobel.h:93:5: note: expected 'XSobel * {aka struct <anonymous> *}' but argument is of type 'int'
 u32 XSobel_Get_output_r(XSobel *InstancePtr);
     ^
../src/helloworld.c:83:6: warning: assignment makes pointer from integer without a cast [-Wint-conversion]
  kati=XSobel_Get_output_r(XPAR_XSOBEL_0_S_AXI_AXILITES_BASEADDR);
      ^
../src/helloworld.c:70:6: warning: variable 'status' set but not used [-Wunused-but-set-variable]
  int status;
      ^
../src/helloworld.c: In function 'sobel':
../src/helloworld.c:215:3: warning: 'routput' may be used uninitialized in this function [-Wmaybe-uninitialized]
   XSobel_Set_output_r(&InstancePtr,(u32)routput);
   ^
'Finished building: ../src/helloworld.c'
' '
'Building target: sobel.elf'
'Invoking: ARM v7 gcc linker'
arm-none-eabi-gcc -mcpu=cortex-a9 -mfpu=vfpv3 -mfloat-abi=hard -Wl,-build-id=none -specs=Xilinx.spec -Wl,-T -Wl,../src/lscript.ld -L../../standalone_bsp_0/ps7_cortexa9_0/lib -o "sobel.elf"  ./src/helloworld.o ./src/platform.o   -lm -Wl,--start-group,-lxil,-lgcc,-lc,--end-group -Wl,--start-group,-lxilffs,-lxil,-lgcc,-lc,--end-group
'Finished building target: sobel.elf'
' '
'Invoking: ARM v7 Print Size'
arm-none-eabi-size sobel.elf  |tee "sobel.elf.size"
   text	   data	    bss	    dec	    hex	filename
 115188	   4408	3172784	3292380	 323cdc	sobel.elf
'Finished building: sobel.elf.size'
' '
13:30:09 **** Incremental Build of configuration Debug for project sobel ****
make pre-build main-build 
a9-linaro-pre-build-step
' '
make: Nothing to be done for `main-build'.
13:34:10 **** Auto Build of configuration Debug for project sobel ****
make pre-build main-build 
a9-linaro-pre-build-step
' '
make: Nothing to be done for `main-build'.
13:34:57 **** Clean-only build of configuration Debug for project sobel ****
make clean 
rm -rf  ./src/helloworld.o ./src/platform.o  ./src/helloworld.d ./src/platform.d  sobel.elf.size  sobel.elf
rm: cannot remove `sobel.elf': Permission denied
make: [clean] Error 1 (ignored)
' '
13:34:58 **** Auto Build of configuration Debug for project sobel ****
make pre-build main-build 
a9-linaro-pre-build-step
' '
'Building file: ../src/helloworld.c'
'Invoking: ARM v7 gcc compiler'
arm-none-eabi-gcc -Wall -O3 -g3 -pg -c -fmessage-length=0 -MT"src/helloworld.o" -mcpu=cortex-a9 -mfpu=vfpv3 -mfloat-abi=hard -I../../standalone_bsp_0/ps7_cortexa9_0/include -MMD -MP -MF"src/helloworld.d" -MT"src/helloworld.o" -o "src/helloworld.o" "../src/helloworld.c"
In file included from ../../standalone_bsp_0/ps7_cortexa9_0/include/ffconf.h:12:0,
                 from ../../standalone_bsp_0/ps7_cortexa9_0/include/ff.h:26,
                 from ../src/helloworld.c:9:
../src/helloworld.c: In function 'sobel_hls':
../../standalone_bsp_0/ps7_cortexa9_0/include/xparameters.h:273:47: warning: passing argument 1 of 'XSobel_Initialize' makes pointer from integer without a cast [-Wint-conversion]
 #define XPAR_XSOBEL_0_S_AXI_AXILITES_BASEADDR 0x43C00000
                                               ^
../src/helloworld.c:73:27: note: in expansion of macro 'XPAR_XSOBEL_0_S_AXI_AXILITES_BASEADDR'
  status=XSobel_Initialize(XPAR_XSOBEL_0_S_AXI_AXILITES_BASEADDR, XPAR_SOBEL_0_DEVICE_ID);
                           ^
In file included from ../src/helloworld.c:15:0:
../../standalone_bsp_0/ps7_cortexa9_0/include/xsobel.h:75:5: note: expected 'XSobel * {aka struct <anonymous> *}' but argument is of type 'int'
 int XSobel_Initialize(XSobel *InstancePtr, u16 DeviceId);
     ^
In file included from ../../standalone_bsp_0/ps7_cortexa9_0/include/ffconf.h:12:0,
                 from ../../standalone_bsp_0/ps7_cortexa9_0/include/ff.h:26,
                 from ../src/helloworld.c:9:
../../standalone_bsp_0/ps7_cortexa9_0/include/xparameters.h:273:47: warning: passing argument 1 of 'XSobel_Set_input_r' makes pointer from integer without a cast [-Wint-conversion]
 #define XPAR_XSOBEL_0_S_AXI_AXILITES_BASEADDR 0x43C00000
                                               ^
../src/helloworld.c:75:21: note: in expansion of macro 'XPAR_XSOBEL_0_S_AXI_AXILITES_BASEADDR'
  XSobel_Set_input_r(XPAR_XSOBEL_0_S_AXI_AXILITES_BASEADDR,(u32)input);
                     ^
In file included from ../src/helloworld.c:15:0:
../../standalone_bsp_0/ps7_cortexa9_0/include/xsobel.h:90:6: note: expected 'XSobel * {aka struct <anonymous> *}' but argument is of type 'int'
 void XSobel_Set_input_r(XSobel *InstancePtr, u32 Data);
      ^
In file included from ../../standalone_bsp_0/ps7_cortexa9_0/include/ffconf.h:12:0,
                 from ../../standalone_bsp_0/ps7_cortexa9_0/include/ff.h:26,
                 from ../src/helloworld.c:9:
../../standalone_bsp_0/ps7_cortexa9_0/include/xparameters.h:273:47: warning: passing argument 1 of 'XSobel_Start' makes pointer from integer without a cast [-Wint-conversion]
 #define XPAR_XSOBEL_0_S_AXI_AXILITES_BASEADDR 0x43C00000
                                               ^
../src/helloworld.c:77:15: note: in expansion of macro 'XPAR_XSOBEL_0_S_AXI_AXILITES_BASEADDR'
  XSobel_Start(XPAR_XSOBEL_0_S_AXI_AXILITES_BASEADDR);
               ^
In file included from ../src/helloworld.c:15:0:
../../standalone_bsp_0/ps7_cortexa9_0/include/xsobel.h:83:6: note: expected 'XSobel * {aka struct <anonymous> *}' but argument is of type 'int'
 void XSobel_Start(XSobel *InstancePtr);
      ^
In file included from ../../standalone_bsp_0/ps7_cortexa9_0/include/ffconf.h:12:0,
                 from ../../standalone_bsp_0/ps7_cortexa9_0/include/ff.h:26,
                 from ../src/helloworld.c:9:
../../standalone_bsp_0/ps7_cortexa9_0/include/xparameters.h:273:47: warning: passing argument 1 of 'XSobel_IsDone' makes pointer from integer without a cast [-Wint-conversion]
 #define XPAR_XSOBEL_0_S_AXI_AXILITES_BASEADDR 0x43C00000
                                               ^
../src/helloworld.c:81:26: note: in expansion of macro 'XPAR_XSOBEL_0_S_AXI_AXILITES_BASEADDR'
   } while (XSobel_IsDone(XPAR_XSOBEL_0_S_AXI_AXILITES_BASEADDR));
                          ^
In file included from ../src/helloworld.c:15:0:
../../standalone_bsp_0/ps7_cortexa9_0/include/xsobel.h:84:5: note: expected 'XSobel * {aka struct <anonymous> *}' but argument is of type 'int'
 u32 XSobel_IsDone(XSobel *InstancePtr);
     ^
In file included from ../../standalone_bsp_0/ps7_cortexa9_0/include/ffconf.h:12:0,
                 from ../../standalone_bsp_0/ps7_cortexa9_0/include/ff.h:26,
                 from ../src/helloworld.c:9:
../../standalone_bsp_0/ps7_cortexa9_0/include/xparameters.h:273:47: warning: passing argument 1 of 'XSobel_Get_output_r' makes pointer from integer without a cast [-Wint-conversion]
 #define XPAR_XSOBEL_0_S_AXI_AXILITES_BASEADDR 0x43C00000
                                               ^
../src/helloworld.c:83:27: note: in expansion of macro 'XPAR_XSOBEL_0_S_AXI_AXILITES_BASEADDR'
  kati=XSobel_Get_output_r(XPAR_XSOBEL_0_S_AXI_AXILITES_BASEADDR);
                           ^
In file included from ../src/helloworld.c:15:0:
../../standalone_bsp_0/ps7_cortexa9_0/include/xsobel.h:93:5: note: expected 'XSobel * {aka struct <anonymous> *}' but argument is of type 'int'
 u32 XSobel_Get_output_r(XSobel *InstancePtr);
     ^
../src/helloworld.c:83:6: warning: assignment makes pointer from integer without a cast [-Wint-conversion]
  kati=XSobel_Get_output_r(XPAR_XSOBEL_0_S_AXI_AXILITES_BASEADDR);
      ^
../src/helloworld.c:70:6: warning: variable 'status' set but not used [-Wunused-but-set-variable]
  int status;
      ^
../src/helloworld.c: In function 'sobel':
../src/helloworld.c:215:3: warning: 'routput' may be used uninitialized in this function [-Wmaybe-uninitialized]
   XSobel_Set_output_r(&InstancePtr,(u32)routput);
   ^
'Finished building: ../src/helloworld.c'
' '
'Building file: ../src/platform.c'
'Invoking: ARM v7 gcc compiler'
arm-none-eabi-gcc -Wall -O3 -g3 -pg -c -fmessage-length=0 -MT"src/platform.o" -mcpu=cortex-a9 -mfpu=vfpv3 -mfloat-abi=hard -I../../standalone_bsp_0/ps7_cortexa9_0/include -MMD -MP -MF"src/platform.d" -MT"src/platform.o" -o "src/platform.o" "../src/platform.c"
'Finished building: ../src/platform.c'
' '
'Building target: sobel.elf'
'Invoking: ARM v7 gcc linker'
arm-none-eabi-gcc -mcpu=cortex-a9 -mfpu=vfpv3 -mfloat-abi=hard -Wl,-build-id=none -specs=Xilinx.spec -Wl,-T -Wl,../src/lscript.ld -L../../standalone_bsp_0/ps7_cortexa9_0/lib -o "sobel.elf"  ./src/helloworld.o ./src/platform.o   -lm -Wl,--start-group,-lxil,-lgcc,-lc,--end-group -Wl,--start-group,-lxilffs,-lxil,-lgcc,-lc,--end-group
'Finished building target: sobel.elf'
' '
'Invoking: ARM v7 Print Size'
arm-none-eabi-size sobel.elf  |tee "sobel.elf.size"
   text	   data	    bss	    dec	    hex	filename
 108772	   4408	3172752	3285932	 3223ac	sobel.elf
'Finished building: sobel.elf.size'
' '
13:35:10 **** Incremental Build of configuration Debug for project sobel ****
make pre-build main-build 
a9-linaro-pre-build-step
' '
make: Nothing to be done for `main-build'.
